Archive member included to satisfy reference by file (symbol)

E:/STM32CubeIDE_2.0.0/STM32CubeIDE/plugins/com.st.stm32cube.ide.mcu.externaltools.gnu-tools-for-stm32.13.3.rel1.win32_1.0.100.202509120712/tools/bin/../lib/gcc/arm-none-eabi/13.3.1/../../../../arm-none-eabi/lib/thumb/v7e-m+fp/hard\libc_nano.a(libc_a-exit.o)
                              E:/STM32CubeIDE_2.0.0/STM32CubeIDE/plugins/com.st.stm32cube.ide.mcu.externaltools.gnu-tools-for-stm32.13.3.rel1.win32_1.0.100.202509120712/tools/bin/../lib/gcc/arm-none-eabi/13.3.1/../../../../arm-none-eabi/lib/thumb/v7e-m+fp/hard/crt0.o (exit)
E:/STM32CubeIDE_2.0.0/STM32CubeIDE/plugins/com.st.stm32cube.ide.mcu.externaltools.gnu-tools-for-stm32.13.3.rel1.win32_1.0.100.202509120712/tools/bin/../lib/gcc/arm-none-eabi/13.3.1/../../../../arm-none-eabi/lib/thumb/v7e-m+fp/hard\libc_nano.a(libc_a-findfp.o)
                              ./Middlewares/Third_Party/FreeRTOS/Source/tasks.o (__sf)
E:/STM32CubeIDE_2.0.0/STM32CubeIDE/plugins/com.st.stm32cube.ide.mcu.externaltools.gnu-tools-for-stm32.13.3.rel1.win32_1.0.100.202509120712/tools/bin/../lib/gcc/arm-none-eabi/13.3.1/../../../../arm-none-eabi/lib/thumb/v7e-m+fp/hard\libc_nano.a(libc_a-fwalk.o)
                              E:/STM32CubeIDE_2.0.0/STM32CubeIDE/plugins/com.st.stm32cube.ide.mcu.externaltools.gnu-tools-for-stm32.13.3.rel1.win32_1.0.100.202509120712/tools/bin/../lib/gcc/arm-none-eabi/13.3.1/../../../../arm-none-eabi/lib/thumb/v7e-m+fp/hard\libc_nano.a(libc_a-findfp.o) (_fwalk_sglue)
E:/STM32CubeIDE_2.0.0/STM32CubeIDE/plugins/com.st.stm32cube.ide.mcu.externaltools.gnu-tools-for-stm32.13.3.rel1.win32_1.0.100.202509120712/tools/bin/../lib/gcc/arm-none-eabi/13.3.1/../../../../arm-none-eabi/lib/thumb/v7e-m+fp/hard\libc_nano.a(libc_a-sprintf.o)
                              ./Core/Src/file_browser.o (sprintf)
E:/STM32CubeIDE_2.0.0/STM32CubeIDE/plugins/com.st.stm32cube.ide.mcu.externaltools.gnu-tools-for-stm32.13.3.rel1.win32_1.0.100.202509120712/tools/bin/../lib/gcc/arm-none-eabi/13.3.1/../../../../arm-none-eabi/lib/thumb/v7e-m+fp/hard\libc_nano.a(libc_a-stdio.o)
                              E:/STM32CubeIDE_2.0.0/STM32CubeIDE/plugins/com.st.stm32cube.ide.mcu.externaltools.gnu-tools-for-stm32.13.3.rel1.win32_1.0.100.202509120712/tools/bin/../lib/gcc/arm-none-eabi/13.3.1/../../../../arm-none-eabi/lib/thumb/v7e-m+fp/hard\libc_nano.a(libc_a-findfp.o) (__sread)
E:/STM32CubeIDE_2.0.0/STM32CubeIDE/plugins/com.st.stm32cube.ide.mcu.externaltools.gnu-tools-for-stm32.13.3.rel1.win32_1.0.100.202509120712/tools/bin/../lib/gcc/arm-none-eabi/13.3.1/../../../../arm-none-eabi/lib/thumb/v7e-m+fp/hard\libc_nano.a(libc_a-memcmp.o)
                              ./Core/Src/audio_player.o (memcmp)
E:/STM32CubeIDE_2.0.0/STM32CubeIDE/plugins/com.st.stm32cube.ide.mcu.externaltools.gnu-tools-for-stm32.13.3.rel1.win32_1.0.100.202509120712/tools/bin/../lib/gcc/arm-none-eabi/13.3.1/../../../../arm-none-eabi/lib/thumb/v7e-m+fp/hard\libc_nano.a(libc_a-memset.o)
                              E:/STM32CubeIDE_2.0.0/STM32CubeIDE/plugins/com.st.stm32cube.ide.mcu.externaltools.gnu-tools-for-stm32.13.3.rel1.win32_1.0.100.202509120712/tools/bin/../lib/gcc/arm-none-eabi/13.3.1/../../../../arm-none-eabi/lib/thumb/v7e-m+fp/hard/crt0.o (memset)
E:/STM32CubeIDE_2.0.0/STM32CubeIDE/plugins/com.st.stm32cube.ide.mcu.externaltools.gnu-tools-for-stm32.13.3.rel1.win32_1.0.100.202509120712/tools/bin/../lib/gcc/arm-none-eabi/13.3.1/../../../../arm-none-eabi/lib/thumb/v7e-m+fp/hard\libc_nano.a(libc_a-strncpy.o)
                              ./Core/Src/file_browser.o (strncpy)
E:/STM32CubeIDE_2.0.0/STM32CubeIDE/plugins/com.st.stm32cube.ide.mcu.externaltools.gnu-tools-for-stm32.13.3.rel1.win32_1.0.100.202509120712/tools/bin/../lib/gcc/arm-none-eabi/13.3.1/../../../../arm-none-eabi/lib/thumb/v7e-m+fp/hard\libc_nano.a(libc_a-strrchr.o)
                              ./Core/Src/file_browser.o (strrchr)
E:/STM32CubeIDE_2.0.0/STM32CubeIDE/plugins/com.st.stm32cube.ide.mcu.externaltools.gnu-tools-for-stm32.13.3.rel1.win32_1.0.100.202509120712/tools/bin/../lib/gcc/arm-none-eabi/13.3.1/../../../../arm-none-eabi/lib/thumb/v7e-m+fp/hard\libc_nano.a(libc_a-closer.o)
                              E:/STM32CubeIDE_2.0.0/STM32CubeIDE/plugins/com.st.stm32cube.ide.mcu.externaltools.gnu-tools-for-stm32.13.3.rel1.win32_1.0.100.202509120712/tools/bin/../lib/gcc/arm-none-eabi/13.3.1/../../../../arm-none-eabi/lib/thumb/v7e-m+fp/hard\libc_nano.a(libc_a-stdio.o) (_close_r)
E:/STM32CubeIDE_2.0.0/STM32CubeIDE/plugins/com.st.stm32cube.ide.mcu.externaltools.gnu-tools-for-stm32.13.3.rel1.win32_1.0.100.202509120712/tools/bin/../lib/gcc/arm-none-eabi/13.3.1/../../../../arm-none-eabi/lib/thumb/v7e-m+fp/hard\libc_nano.a(libc_a-reent.o)
                              ./Middlewares/Third_Party/FreeRTOS/Source/tasks.o (_reclaim_reent)
[...]
Memory Configuration

Name             Origin             Length             Attributes
CCMRAM           0x10000000         0x00010000         xrw
RAM              0x20000000         0x00020000         xrw
FLASH            0x08000000         0x00100000         xr
*default*        0x00000000         0xffffffff

Linker script and memory map

LOAD E:/STM32CubeIDE_2.0.0/STM32CubeIDE/plugins/com.st.stm32cube.ide.mcu.externaltools.gnu-tools-for-stm32.13.3.rel1.win32_1.0.100.202509120712/tools/bin/../lib/gcc/arm-none-eabi/13.3.1/thumb/v7e-m+fp/hard/crti.o
LOAD E:/STM32CubeIDE_2.0.0/STM32CubeIDE/plugins/com.st.stm32cube.ide.mcu.externaltools.gnu-tools-for-stm32.13.3.rel1.win32_1.0.100.202509120712/tools/bin/../lib/gcc/arm-none-eabi/13.3.1/thumb/v7e-m+fp/hard/crtbegin.o
LOAD E:/STM32CubeIDE_2.0.0/STM32CubeIDE/plugins/com.st.stm32cube.ide.mcu.externaltools.gnu-tools-for-stm32.13.3.rel1.win32_1.0.100.202509120712/tools/bin/../lib/gcc/arm-none-eabi/13.3.1/../../../../arm-none-eabi/lib/thumb/v7e-m+fp/hard/crt0.o
LOAD ./Core/Src/audio_player.o
LOAD ./Core/Src/bmp_decode.o
LOAD ./Core/Src/dma.o
LOAD ./Core/Src/file_browser.o
LOAD ./Core/Src/freertos.o
LOAD ./Core/Src/gpio.o
LOAD ./Core/Src/i2s.o
LOAD ./Core/Src/lcd_chinese.o
LOAD ./Core/Src/lcd_st7735.o
LOAD ./Core/Src/main.o
LOAD ./Core/Src/sdio.o
LOAD ./Core/Src/spi.o
LOAD ./Core/Src/stm32f4xx_hal_msp.o
LOAD ./Core/Src/stm32f4xx_hal_timebase_tim.o
LOAD ./Core/Src/stm32f4xx_it.o
LOAD ./Core/Src/syscalls.o
LOAD ./Core/Src/sysmem.o
LOAD ./Core/Src/system_stm32f4xx.o
LOAD ./Core/Startup/startup_stm32f407vgtx.o
LOAD ./Drivers/STM32F4xx_HAL_Driver/Src/stm32f4xx_hal.o
LOAD ./Drivers/STM32F4xx_HAL_Driver/Src/stm32f4xx_hal_cortex.o
LOAD ./Drivers/STM32F4xx_HAL_Driver/Src/stm32f4xx_hal_dma.o
LOAD ./Drivers/STM32F4xx_HAL_Driver/Src/stm32f4xx_hal_dma_ex.o
LOAD ./Drivers/STM32F4xx_HAL_Driver/Src/stm32f4xx_hal_exti.o
LOAD ./Drivers/STM32F4xx_HAL_Driver/Src/stm32f4xx_hal_flash.o
LOAD ./Drivers/STM32F4xx_HAL_Driver/Src/stm32f4xx_hal_flash_ex.o
LOAD ./Drivers/STM32F4xx_HAL_Driver/Src/stm32f4xx_hal_flash_ramfunc.o
LOAD ./Drivers/STM32F4xx_HAL_Driver/Src/stm32f4xx_hal_gpio.o
LOAD ./Drivers/STM32F4xx_HAL_Driver/Src/stm32f4xx_hal_i2s.o
LOAD ./Drivers/STM32F4xx_HAL_Driver/Src/stm32f4xx_hal_i2s_ex.o
LOAD ./Drivers/STM32F4xx_HAL_Driver/Src/stm32f4xx_hal_mmc.o
LOAD ./Drivers/STM32F4xx_HAL_Driver/Src/stm32f4xx_hal_pwr.o
LOAD ./Drivers/STM32F4xx_HAL_Driver/Src/stm32f4xx_hal_pwr_ex.o
LOAD ./Drivers/STM32F4xx_HAL_Driver/Src/stm32f4xx_hal_rcc.o
LOAD ./Drivers/STM32F4xx_HAL_Driver/Src/stm32f4xx_hal_rcc_ex.o
LOAD ./Drivers/STM32F4xx_HAL_Driver/Src/stm32f4xx_hal_sd.o
LOAD ./Drivers/STM32F4xx_HAL_Driver/Src/stm32f4xx_hal_spi.o
LOAD ./Drivers/STM32F4xx_HAL_Driver/Src/stm32f4xx_hal_tim.o
LOAD ./Drivers/STM32F4xx_HAL_Driver/Src/stm32f4xx_hal_tim_ex.o
LOAD ./Drivers/STM32F4xx_HAL_Driver/Src/stm32f4xx_ll_sdmmc.o
LOAD ./FATFS/App/fatfs.o
LOAD ./FATFS/Target/bsp_driver_sd.o
LOAD ./FATFS/Target/sd_diskio.o
LOAD ./Middlewares/Third_Party/FatFs/src/diskio.o
LOAD ./Middlewares/Third_Party/FatFs/src/ff.o
LOAD ./Middlewares/Third_Party/FatFs/src/ff_gen_drv.o
LOAD ./Middlewares/Third_Party/FatFs/src/option/syscall.o
LOAD ./Middlewares/Third_Party/FreeRTOS/Source/CMSIS_RTOS_V2/cmsis_os2.o
LOAD ./Middlewares/Third_Party/FreeRTOS/Source/croutine.o
LOAD ./Middlewares/Third_Party/FreeRTOS/Source/event_groups.o
LOAD ./Middlewares/Third_Party/FreeRTOS/Source/list.o
LOAD ./Middlewares/Third_Party/FreeRTOS/Source/queue.o
LOAD ./Middlewares/Third_Party/FreeRTOS/Source/stream_buffer.o
LOAD ./Middlewares/Third_Party/FreeRTOS/Source/tasks.o
LOAD ./Middlewares/Third_Party/FreeRTOS/Source/timers.o
LOAD ./Middlewares/Third_Party/FreeRTOS/Source/portable/GCC/ARM_CM4F/port.o
LOAD ./Middlewares/Third_Party/FreeRTOS/Source/portable/MemMang/heap_4.o
START GROUP
LOAD E:/STM32CubeIDE_2.0.0/STM32CubeIDE/plugins/com.st.stm32cube.ide.mcu.externaltools.gnu-tools-for-stm32.13.3.rel1.win32_1.0.100.202509120712/tools/bin/../lib/gcc/arm-none-eabi/13.3.1/../../../../arm-none-eabi/lib/thumb/v7e-m+fp/hard\libc_nano.a
LOAD E:/STM32CubeIDE_2.0.0/STM32CubeIDE/plugins/com.st.stm32cube.ide.mcu.externaltools.gnu-tools-for-stm32.13.3.rel1.win32_1.0.100.202509120712/tools/bin/../lib/gcc/arm-none-eabi/13.3.1/../../../../arm-none-eabi/lib/thumb/v7e-m+fp/hard\libm.a
END GROUP
START GROUP
LOAD E:/STM32CubeIDE_2.0.0/STM32CubeIDE/plugins/com.st.stm32cube.ide.mcu.externaltools.gnu-tools-for-stm32.13.3.rel1.win32_1.0.100.202509120712/tools/bin/../lib/gcc/arm-none-eabi/13.3.1/thumb/v7e-m+fp/hard\libgcc.a
LOAD E:/STM32CubeIDE_2.0.0/STM32CubeIDE/plugins/com.st.stm32cube.ide.mcu.externaltools.gnu-tools-for-stm32.13.3.rel1.win32_1.0.100.202509120712/tools/bin/../lib/gcc/arm-none-eabi/13.3.1/../../../../arm-none-eabi/lib/thumb/v7e-m+fp/hard\libc_nano.a
END GROUP
START GROUP
LOAD E:/STM32CubeIDE_2.0.0/STM32CubeIDE/plugins/com.st.stm32cube.ide.mcu.externaltools.gnu-tools-for-stm32.13.3.rel1.win32_1.0.100.202509120712/tools/bin/../lib/gcc/arm-none-eabi/13.3.1/thumb/v7e-m+fp/hard\libgcc.a
LOAD E:/STM32CubeIDE_2.0.0/STM32CubeIDE/plugins/com.st.stm32cube.ide.mcu.externaltools.gnu-tools-for-stm32.13.3.rel1.win32_1.0.100.202509120712/tools/bin/../lib/gcc/arm-none-eabi/13.3.1/../../../../arm-none-eabi/lib/thumb/v7e-m+fp/hard\libc_nano.a
LOAD E:/STM32CubeIDE_2.0.0/STM32CubeIDE/plugins/com.st.stm32cube.ide.mcu.externaltools.gnu-tools-for-stm32.13.3.rel1.win32_1.0.100.202509120712/tools/bin/../lib/gcc/arm-none-eabi/13.3.1/../../../../arm-none-eabi/lib/thumb/v7e-m+fp/hard\libnosys.a
END GROUP
START GROUP
LOAD E:/STM32CubeIDE_2.0.0/STM32CubeIDE/plugins/com.st.stm32cube.ide.mcu.externaltools.gnu-tools-for-stm32.13.3.rel1.win32_1.0.100.202509120712/tools/bin/../lib/gcc/arm-none-eabi/13.3.1/thumb/v7e-m+fp/hard\libgcc.a
LOAD E:/STM32CubeIDE_2.0.0/STM32CubeIDE/plugins/com.st.stm32cube.ide.mcu.externaltools.gnu-tools-for-stm32.13.3.rel1.win32_1.0.100.202509120712/tools/bin/../lib/gcc/arm-none-eabi/13.3.1/../../../../arm-none-eabi/lib/thumb/v7e-m+fp/hard\libc_nano.a
LOAD E:/STM32CubeIDE_2.0.0/STM32CubeIDE/plugins/com.st.stm32cube.ide.mcu.externaltools.gnu-tools-for-stm32.13.3.rel1.win32_1.0.100.202509120712/tools/bin/../lib/gcc/arm-none-eabi/13.3.1/../../../../arm-none-eabi/lib/thumb/v7e-m+fp/hard\libnosys.a
END GROUP
LOAD E:/STM32CubeIDE_2.0.0/STM32CubeIDE/plugins/com.st.stm32cube.ide.mcu.externaltools.gnu-tools-for-stm32.13.3.rel1.win32_1.0.100.202509120712/tools/bin/../lib/gcc/arm-none-eabi/13.3.1/thumb/v7e-m+fp/hard/crtend.o
LOAD E:/STM32CubeIDE_2.0.0/STM32CubeIDE/plugins/com.st.stm32cube.ide.mcu.externaltools.gnu-tools-for-stm32.13.3.rel1.win32_1.0.100.202509120712/tools/bin/../lib/gcc/arm-none-eabi/13.3.1/thumb/v7e-m+fp/hard/crtn.o
                0x20020000                        _estack = (ORIGIN (RAM) + LENGTH (RAM))
                0x00000200                        _Min_Heap_Size = 0x200
                0x00000400                        _Min_Stack_Size = 0x400

.isr_vector     0x08000000      0x188
                0x08000000                        . = ALIGN (0x4)
 *(.isr_vector)
 .isr_vector    0x08000000      0x188 ./Core/Startup/startup_stm32f407vgtx.o
                0x08000000                g_pfnVectors
                0x08000188                        . = ALIGN (0x4)

.text           0x08000190    0x1043c
                0x08000190                        . = ALIGN (0x4)
 *(.text)
 .text          0x08000190       0x40 E:/STM32CubeIDE_2.0.0/STM32CubeIDE/plugins/com.st.stm32cube.ide.mcu.externaltools.gnu-tools-for-stm32.13.3.rel1.win32_1.0.100.202509120712/tools/bin/../lib/gcc/arm-none-eabi/13.3.1/thumb/v7e-m+fp/hard/crtbegin.o
 .text          0x080001d0       0x14 E:/STM32CubeIDE_2.0.0/STM32CubeIDE/plugins/com.st.stm32cube.ide.mcu.externaltools.gnu-tools-for-stm32.13.3.rel1.win32_1.0.100.202509120712/tools/bin/../lib/gcc/arm-none-eabi/13.3.1/../../../../arm-none-eabi/lib/thumb/v7e-m+fp/hard\libc_nano.a(libc_a-strcmp.o)
                0x080001d0                strcmp
 .text          0x080001e4       0x10 E:/STM32CubeIDE_2.0.0/STM32CubeIDE/plugins/com.st.stm32cube.ide.mcu.externaltools.gnu-tools-for-stm32.13.3.rel1.win32_1.0.100.202509120712/tools/bin/../lib/gcc/arm-none-eabi/13.3.1/../../../../arm-none-eabi/lib/thumb/v7e-m+fp/hard\libc_nano.a(libc_a-strlen.o)
                0x080001e4                strlen
 *fill*         0x080001f4        0xc 
 .text          0x08000200       0xa0 E:/STM32CubeIDE_2.0.0/STM32CubeIDE/plugins/com.st.stm32cube.ide.mcu.externaltools.gnu-tools-for-stm32.13.3.rel1.win32_1.0.100.202509120712/tools/bin/../lib/gcc/arm-none-eabi/13.3.1/../../../../arm-none-eabi/lib/thumb/v7e-m+fp/hard\libc_nano.a(libc_a-memchr.o)
                0x08000200                memchr
 .text          0x080002a0       0x30 E:/STM32CubeIDE_2.0.0/STM32CubeIDE/plugins/com.st.stm32cube.ide.mcu.externaltools.gnu-tools-for-stm32.13.3.rel1.win32_1.0.100.202509120712/tools/bin/../lib/gcc/arm-none-eabi/13.3.1/thumb/v7e-m+fp/hard\libgcc.a(_aeabi_uldivmod.o)
                0x080002a0                __aeabi_uldivmod
 .text          0x080002d0      0x2f8 E:/STM32CubeIDE_2.0.0/STM32CubeIDE/plugins/com.st.stm32cube.ide.mcu.externaltools.gnu-tools-for-stm32.13.3.rel1.win32_1.0.100.202509120712/tools/bin/../lib/gcc/arm-none-eabi/13.3.1/thumb/v7e-m+fp/hard\libgcc.a(_udivmoddi4.o)
                0x080002d0                __udivmoddi4
 .text          0x080005c8        0x4 E:/STM32CubeIDE_2.0.0/STM32CubeIDE/plugins/com.st.stm32cube.ide.mcu.externaltools.gnu-tools-for-stm32.13.3.rel1.win32_1.0.100.202509120712/tools/bin/../lib/gcc/arm-none-eabi/13.3.1/thumb/v7e-m+fp/hard\libgcc.a(_dvmd_tls.o)
                0x080005c8                __aeabi_idiv0
                0x080005c8                __aeabi_ldiv0
 *(.text*)
 .text.apply_volume
                0x080005cc       0x5c ./Core/Src/audio_player.o
 .text.HAL_I2S_TxCpltCallback
                0x08000628       0x2c ./Core/Src/audio_player.o
                0x08000628                HAL_I2S_TxCpltCallback
 .text.AUDIO_PlayWAV
                0x08000654      0x558 ./Core/Src/audio_player.o
                0x08000654                AUDIO_PlayWAV
 .text.MX_DMA_Init
                0x08000bac       0x9c ./Core/Src/dma.o
                0x08000bac                MX_DMA_Init
 .text.display_bmp
                0x08000c48      0x358 ./Core/Src/file_browser.o
 .text.txt_save_progress
                0x08000fa0       0xac ./Core/Src/file_browser.o
 .text.txt_load_progress
                0x0800104c      0x10c ./Core/Src/file_browser.o
 .text.txt_skip_utf8_bom
                0x08001158       0x4e ./Core/Src/file_browser.o
 *fill*         0x080011a6        0x2 
 .text.display_txt_paged
                0x080011a8      0x3ec ./Core/Src/file_browser.o
 .text.fb_render_filelist
                0x08001594      0x158 ./Core/Src/file_browser.o
 .text.FB_Init  0x080016ec      0x124 ./Core/Src/file_browser.o
                0x080016ec                FB_Init
 .text.FB_Run   0x08001810      0x294 ./Core/Src/file_browser.o
                0x08001810                FB_Run
 .text.MX_FREERTOS_Init
                0x08001aa4       0x24 ./Core/Src/freertos.o
                0x08001aa4                MX_FREERTOS_Init
 .text.StartDefaultTask
                0x08001ac8       0x18 ./Core/Src/freertos.o
                0x08001ac8                StartDefaultTask
 .text.MX_GPIO_Init
                0x08001ae0      0x124 ./Core/Src/gpio.o
                0x08001ae0                MX_GPIO_Init
 .text.MX_I2S3_Init
                0x08001c04       0x5c ./Core/Src/i2s.o
                0x08001c04                MX_I2S3_Init
 .text.HAL_I2S_MspInit
                0x08001c60      0x178 ./Core/Src/i2s.o
                0x08001c60                HAL_I2S_MspInit
 .text.HAL_I2S_MspDeInit
                0x08001dd8       0x50 ./Core/Src/i2s.o
                0x08001dd8                HAL_I2S_MspDeInit
 .text.LCD_WriteCmd
                0x08001e28       0x4c ./Core/Src/lcd_st7735.o
                0x08001e28                LCD_WriteCmd
 .text.LCD_WriteData
                0x08001e74       0x4c ./Core/Src/lcd_st7735.o
                0x08001e74                LCD_WriteData
 .text.LCD_ColorToBytes
                0x08001ec0       0x2e ./Core/Src/lcd_st7735.o
 *fill*         0x08001eee        0x2 
 .text.LCD_Reset
                0x08001ef0       0x60 ./Core/Src/lcd_st7735.o
 .text.LCD_Init
                0x08001f50      0x17c ./Core/Src/lcd_st7735.o
                0x08001f50                LCD_Init
 .text.LCD_SetAddrWindow
                0x080020cc       0xb0 ./Core/Src/lcd_st7735.o
                0x080020cc                LCD_SetAddrWindow
 .text.LCD_Fill
                0x0800217c      0x228 ./Core/Src/lcd_st7735.o
                0x0800217c                LCD_Fill
 .text.LCD_FillScreen
                0x080023a4       0x22 ./Core/Src/lcd_st7735.o
                0x080023a4                LCD_FillScreen
 *fill*         0x080023c6        0x2 
 .text.LCD_DrawChar
                0x080023c8      0x198 ./Core/Src/lcd_st7735.o
                0x080023c8                LCD_DrawChar
 .text.LCD_DrawString
                0x08002560       0x5a ./Core/Src/lcd_st7735.o
                0x08002560                LCD_DrawString
 *fill*         0x080025ba        0x2 
 .text.LCD_WritePixels
                0x080025bc       0xdc ./Core/Src/lcd_st7735.o
                0x080025bc                LCD_WritePixels
 .text.main     0x08002698       0x34 ./Core/Src/main.o
                0x08002698                main
 .text.SystemClock_Config
                0x080026cc       0xd4 ./Core/Src/main.o
                0x080026cc                SystemClock_Config
 .text.HAL_TIM_PeriodElapsedCallback
                0x080027a0       0x24 ./Core/Src/main.o
                0x080027a0                HAL_TIM_PeriodElapsedCallback
 .text.Error_Handler
                0x080027c4        0xc ./Core/Src/main.o
                0x080027c4                Error_Handler
 .text.MX_SDIO_SD_Init
                0x080027d0       0x48 ./Core/Src/sdio.o
                0x080027d0                MX_SDIO_SD_Init
 .text.HAL_SD_MspInit
                0x08002818      0x1e0 ./Core/Src/sdio.o
                0x08002818                HAL_SD_MspInit
 .text.MX_SPI2_Init
                0x080029f8       0x6c ./Core/Src/spi.o
                0x080029f8                MX_SPI2_Init
 .text.HAL_SPI_MspInit
                0x08002a64      0x188 ./Core/Src/spi.o
                0x08002a64                HAL_SPI_MspInit
 .text.HAL_MspInit
                0x08002bec       0x58 ./Core/Src/stm32f4xx_hal_msp.o
                0x08002bec                HAL_MspInit
 .text.HAL_InitTick
                0x08002c44       0xe8 ./Core/Src/stm32f4xx_hal_timebase_tim.o
                0x08002c44                HAL_InitTick
 .text.NMI_Handler
                0x08002d2c        0x8 ./Core/Src/stm32f4xx_it.o
                0x08002d2c                NMI_Handler
 .text.HardFault_Handler
                0x08002d34        0x8 ./Core/Src/stm32f4xx_it.o
                0x08002d34                HardFault_Handler
 .text.MemManage_Handler
                0x08002d3c        0x8 ./Core/Src/stm32f4xx_it.o
                0x08002d3c                MemManage_Handler
 .text.BusFault_Handler
                0x08002d44        0x8 ./Core/Src/stm32f4xx_it.o
                0x08002d44                BusFault_Handler
 .text.UsageFault_Handler
                0x08002d4c        0x8 ./Core/Src/stm32f4xx_it.o
                0x08002d4c                UsageFault_Handler
 .text.DebugMon_Handler
                0x08002d54        0xe ./Core/Src/stm32f4xx_it.o
                0x08002d54                DebugMon_Handler
 *fill*         0x08002d62        0x2 
 .text.DMA1_Stream3_IRQHandler
                0x08002d64       0x14 ./Core/Src/stm32f4xx_it.o
                0x08002d64                DMA1_Stream3_IRQHandler
 .text.DMA1_Stream4_IRQHandler
                0x08002d78       0x14 ./Core/Src/stm32f4xx_it.o
                0x08002d78                DMA1_Stream4_IRQHandler
 .text.DMA1_Stream5_IRQHandler
                0x08002d8c       0x14 ./Core/Src/stm32f4xx_it.o
                0x08002d8c                DMA1_Stream5_IRQHandler
 .text.TIM1_UP_TIM10_IRQHandler
                0x08002da0       0x14 ./Core/Src/stm32f4xx_it.o
                0x08002da0                TIM1_UP_TIM10_IRQHandler
 .text.SPI2_IRQHandler
                0x08002db4       0x14 ./Core/Src/stm32f4xx_it.o
                0x08002db4                SPI2_IRQHandler
 .text.SDIO_IRQHandler
                0x08002dc8       0x14 ./Core/Src/stm32f4xx_it.o
                0x08002dc8                SDIO_IRQHandler
 .text.DMA2_Stream3_IRQHandler
                0x08002ddc       0x14 ./Core/Src/stm32f4xx_it.o
                0x08002ddc                DMA2_Stream3_IRQHandler
 .text.DMA2_Stream6_IRQHandler
                0x08002df0       0x14 ./Core/Src/stm32f4xx_it.o
                0x08002df0                DMA2_Stream6_IRQHandler
 .text._sbrk    0x08002e04       0x6c ./Core/Src/sysmem.o
                0x08002e04                _sbrk
 .text.SystemInit
                0x08002e70       0x24 ./Core/Src/system_stm32f4xx.o
                0x08002e70                SystemInit
 .text.Reset_Handler
                0x08002e94       0x50 ./Core/Startup/startup_stm32f407vgtx.o
                0x08002e94                Reset_Handler
 .text.Default_Handler
                0x08002ee4        0x2 ./Core/Startup/startup_stm32f407vgtx.o
                0x08002ee4                RTC_Alarm_IRQHandler
                0x08002ee4                HASH_RNG_IRQHandler
                0x08002ee4                EXTI2_IRQHandler
                0x08002ee4                TIM8_CC_IRQHandler
                0x08002ee4                TIM1_CC_IRQHandler
                0x08002ee4                DMA2_Stream5_IRQHandler
                0x08002ee4                PVD_IRQHandler
                0x08002ee4                TAMP_STAMP_IRQHandler
                0x08002ee4                CAN2_RX1_IRQHandler
                0x08002ee4                EXTI3_IRQHandler
                0x08002ee4                TIM8_TRG_COM_TIM14_IRQHandler
                0x08002ee4                TIM8_UP_TIM13_IRQHandler
                0x08002ee4                I2C3_ER_IRQHandler
                0x08002ee4                EXTI0_IRQHandler
                0x08002ee4                I2C2_EV_IRQHandler
                0x08002ee4                DMA1_Stream2_IRQHandler
                0x08002ee4                CAN1_RX0_IRQHandler
                0x08002ee4                FPU_IRQHandler
                0x08002ee4                OTG_HS_WKUP_IRQHandler
                0x08002ee4                CAN2_SCE_IRQHandler
                0x08002ee4                DMA2_Stream2_IRQHandler
                0x08002ee4                SPI1_IRQHandler
                0x08002ee4                TIM6_DAC_IRQHandler
                0x08002ee4                TIM1_BRK_TIM9_IRQHandler
                0x08002ee4                DCMI_IRQHandler
                0x08002ee4                CAN2_RX0_IRQHandler
                0x08002ee4                USART6_IRQHandler
                0x08002ee4                USART3_IRQHandler
                0x08002ee4                CAN1_RX1_IRQHandler
                0x08002ee4                UART5_IRQHandler
                0x08002ee4                DMA2_Stream0_IRQHandler
                0x08002ee4                TIM4_IRQHandler
                0x08002ee4                I2C1_EV_IRQHandler
                0x08002ee4                DMA1_Stream6_IRQHandler
                0x08002ee4                DMA1_Stream1_IRQHandler
                0x08002ee4                UART4_IRQHandler
                0x08002ee4                TIM3_IRQHandler
                0x08002ee4                RCC_IRQHandler
                0x08002ee4                TIM8_BRK_TIM12_IRQHandler
                0x08002ee4                Default_Handler
                0x08002ee4                EXTI15_10_IRQHandler
                0x08002ee4                ADC_IRQHandler
                0x08002ee4                DMA1_Stream7_IRQHandler
                0x08002ee4                TIM7_IRQHandler
                0x08002ee4                CAN2_TX_IRQHandler
                0x08002ee4                TIM5_IRQHandler
                0x08002ee4                DMA2_Stream7_IRQHandler
                0x08002ee4                I2C3_EV_IRQHandler
                0x08002ee4                EXTI9_5_IRQHandler
                0x08002ee4                RTC_WKUP_IRQHandler
                0x08002ee4                ETH_WKUP_IRQHandler
                0x08002ee4                OTG_HS_EP1_IN_IRQHandler
                0x08002ee4                DMA1_Stream0_IRQHandler
                0x08002ee4                CAN1_TX_IRQHandler
                0x08002ee4                EXTI4_IRQHandler
                0x08002ee4                FSMC_IRQHandler
                0x08002ee4                ETH_IRQHandler
                0x08002ee4                OTG_HS_EP1_OUT_IRQHandler
                0x08002ee4                WWDG_IRQHandler
                0x08002ee4                TIM2_IRQHandler
                0x08002ee4                OTG_FS_WKUP_IRQHandler
                0x08002ee4                TIM1_TRG_COM_TIM11_IRQHandler
                0x08002ee4                OTG_HS_IRQHandler
                0x08002ee4                EXTI1_IRQHandler
                0x08002ee4                USART2_IRQHandler
                0x08002ee4                I2C2_ER_IRQHandler
                0x08002ee4                DMA2_Stream1_IRQHandler
                0x08002ee4                CAN1_SCE_IRQHandler
                0x08002ee4                FLASH_IRQHandler
                0x08002ee4                DMA2_Stream4_IRQHandler
                0x08002ee4                USART1_IRQHandler
                0x08002ee4                OTG_FS_IRQHandler
                0x08002ee4                SPI3_IRQHandler
                0x08002ee4                I2C1_ER_IRQHandler
 *fill*         0x08002ee6        0x2 
 .text.HAL_Init
                0x08002ee8       0x44 ./Drivers/STM32F4xx_HAL_Driver/Src/stm32f4xx_hal.o
                0x08002ee8                HAL_Init
 .text.HAL_IncTick
                0x08002f2c       0x28 ./Drivers/STM32F4xx_HAL_Driver/Src/stm32f4xx_hal.o
                0x08002f2c                HAL_IncTick
 .text.HAL_GetTick
                0x08002f54       0x18 ./Drivers/STM32F4xx_HAL_Driver/Src/stm32f4xx_hal.o
                0x08002f54                HAL_GetTick
 .text.HAL_Delay
                0x08002f6c       0x48 ./Drivers/STM32F4xx_HAL_Driver/Src/stm32f4xx_hal.o
                0x08002f6c                HAL_Delay
 .text.__NVIC_SetPriorityGrouping
                0x08002fb4       0x48 ./Drivers/STM32F4xx_HAL_Driver/Src/stm32f4xx_hal_cortex.o
 .text.__NVIC_GetPriorityGrouping
                0x08002ffc       0x1c ./Drivers/STM32F4xx_HAL_Driver/Src/stm32f4xx_hal_cortex.o
 .text.__NVIC_EnableIRQ
                0x08003018       0x3c ./Drivers/STM32F4xx_HAL_Driver/Src/stm32f4xx_hal_cortex.o
 .text.__NVIC_SetPriority
                0x08003054       0x54 ./Drivers/STM32F4xx_HAL_Driver/Src/stm32f4xx_hal_cortex.o
 .text.NVIC_EncodePriority
                0x080030a8       0x66 ./Drivers/STM32F4xx_HAL_Driver/Src/stm32f4xx_hal_cortex.o
 .text.HAL_NVIC_SetPriorityGrouping
                0x0800310e       0x16 ./Drivers/STM32F4xx_HAL_Driver/Src/stm32f4xx_hal_cortex.o
                0x0800310e                HAL_NVIC_SetPriorityGrouping
 .text.HAL_NVIC_SetPriority
                0x08003124       0x38 ./Drivers/STM32F4xx_HAL_Driver/Src/stm32f4xx_hal_cortex.o
                0x08003124                HAL_NVIC_SetPriority
 .text.HAL_NVIC_EnableIRQ
                0x0800315c       0x1c ./Drivers/STM32F4xx_HAL_Driver/Src/stm32f4xx_hal_cortex.o
                0x0800315c                HAL_NVIC_EnableIRQ
 .text.HAL_DMA_Init
                0x08003178      0x15c ./Drivers/STM32F4xx_HAL_Driver/Src/stm32f4xx_hal_dma.o
                0x08003178                HAL_DMA_Init
 .text.HAL_DMA_DeInit
                0x080032d4       0xbc ./Drivers/STM32F4xx_HAL_Driver/Src/stm32f4xx_hal_dma.o
                0x080032d4                HAL_DMA_DeInit
 .text.HAL_DMA_Start_IT
                0x08003390       0xb0 ./Drivers/STM32F4xx_HAL_Driver/Src/stm32f4xx_hal_dma.o
                0x08003390                HAL_DMA_Start_IT
 .text.HAL_DMA_Abort
                0x08003440       0xe0 ./Drivers/STM32F4xx_HAL_Driver/Src/stm32f4xx_hal_dma.o
                0x08003440                HAL_DMA_Abort
 .text.HAL_DMA_Abort_IT
                0x08003520       0x44 ./Drivers/STM32F4xx_HAL_Driver/Src/stm32f4xx_hal_dma.o
                0x08003520                HAL_DMA_Abort_IT
 .text.HAL_DMA_IRQHandler
                0x08003564      0x314 ./Drivers/STM32F4xx_HAL_Driver/Src/stm32f4xx_hal_dma.o
                0x08003564                HAL_DMA_IRQHandler
 .text.HAL_DMA_GetError
                0x08003878       0x18 ./Drivers/STM32F4xx_HAL_Driver/Src/stm32f4xx_hal_dma.o
                0x08003878                HAL_DMA_GetError
 .text.DMA_SetConfig
                0x08003890       0x5c ./Drivers/STM32F4xx_HAL_Driver/Src/stm32f4xx_hal_dma.o
 .text.DMA_CalcBaseAndBitshift
                0x080038ec       0x6c ./Drivers/STM32F4xx_HAL_Driver/Src/stm32f4xx_hal_dma.o
 .text.DMA_CheckFifoParam
                0x08003958       0xf8 ./Drivers/STM32F4xx_HAL_Driver/Src/stm32f4xx_hal_dma.o
 .text.HAL_GPIO_Init
                0x08003a50      0x338 ./Drivers/STM32F4xx_HAL_Driver/Src/stm32f4xx_hal_gpio.o
                0x08003a50                HAL_GPIO_Init
 .text.HAL_GPIO_DeInit
                0x08003d88      0x1f8 ./Drivers/STM32F4xx_HAL_Driver/Src/stm32f4xx_hal_gpio.o
                0x08003d88                HAL_GPIO_DeInit
 .text.HAL_GPIO_ReadPin
                0x08003f80       0x30 ./Drivers/STM32F4xx_HAL_Driver/Src/stm32f4xx_hal_gpio.o
                0x08003f80                HAL_GPIO_ReadPin
 .text.HAL_GPIO_WritePin
                0x08003fb0       0x32 ./Drivers/STM32F4xx_HAL_Driver/Src/stm32f4xx_hal_gpio.o
                0x08003fb0                HAL_GPIO_WritePin
 *fill*         0x08003fe2        0x2 
 .text.HAL_I2S_Init
                0x08003fe4      0x280 ./Drivers/STM32F4xx_HAL_Driver/Src/stm32f4xx_hal_i2s.o
                0x08003fe4                HAL_I2S_Init
 .text.HAL_I2S_DeInit
                0x08004264       0x50 ./Drivers/STM32F4xx_HAL_Driver/Src/stm32f4xx_hal_i2s.o
                0x08004264                HAL_I2S_DeInit
 .text.HAL_I2S_Transmit_DMA
                0x080042b4      0x148 ./Drivers/STM32F4xx_HAL_Driver/Src/stm32f4xx_hal_i2s.o
                0x080042b4                HAL_I2S_Transmit_DMA
 .text.HAL_I2S_DMAStop
                0x080043fc      0x3b4 ./Drivers/STM32F4xx_HAL_Driver/Src/stm32f4xx_hal_i2s.o
                0x080043fc                HAL_I2S_DMAStop
 .text.HAL_I2S_TxHalfCpltCallback
                0x080047b0       0x14 ./Drivers/STM32F4xx_HAL_Driver/Src/stm32f4xx_hal_i2s.o
                0x080047b0                HAL_I2S_TxHalfCpltCallback
 .text.HAL_I2S_RxCpltCallback
                0x080047c4       0x14 ./Drivers/STM32F4xx_HAL_Driver/Src/stm32f4xx_hal_i2s.o
                0x080047c4                HAL_I2S_RxCpltCallback
 .text.HAL_I2S_ErrorCallback
                0x080047d8       0x14 ./Drivers/STM32F4xx_HAL_Driver/Src/stm32f4xx_hal_i2s.o
                0x080047d8                HAL_I2S_ErrorCallback
 .text.I2S_DMATxCplt
                0x080047ec       0x42 ./Drivers/STM32F4xx_HAL_Driver/Src/stm32f4xx_hal_i2s.o
 .text.I2S_DMATxHalfCplt
                0x0800482e       0x1c ./Drivers/STM32F4xx_HAL_Driver/Src/stm32f4xx_hal_i2s.o
 .text.I2S_DMAError
                0x0800484a       0x4c ./Drivers/STM32F4xx_HAL_Driver/Src/stm32f4xx_hal_i2s.o
 .text.I2S_Transmit_IT
                0x08004896       0x5c ./Drivers/STM32F4xx_HAL_Driver/Src/stm32f4xx_hal_i2s.o
 .text.I2S_Receive_IT
                0x080048f2       0x5e ./Drivers/STM32F4xx_HAL_Driver/Src/stm32f4xx_hal_i2s.o
 .text.I2S_IRQHandler
                0x08004950      0x114 ./Drivers/STM32F4xx_HAL_Driver/Src/stm32f4xx_hal_i2s.o
 .text.I2S_WaitFlagStateUntilTimeout
                0x08004a64       0x72 ./Drivers/STM32F4xx_HAL_Driver/Src/stm32f4xx_hal_i2s.o
 *fill*         0x08004ad6        0x2 
 .text.HAL_I2SEx_FullDuplex_IRQHandler
                0x08004ad8      0x2a8 ./Drivers/STM32F4xx_HAL_Driver/Src/stm32f4xx_hal_i2s_ex.o
                0x08004ad8                HAL_I2SEx_FullDuplex_IRQHandler
 .text.HAL_I2SEx_TxRxCpltCallback
                0x08004d80       0x14 ./Drivers/STM32F4xx_HAL_Driver/Src/stm32f4xx_hal_i2s_ex.o
                0x08004d80                HAL_I2SEx_TxRxCpltCallback
 .text.I2SEx_TxISR_I2S
                0x08004d94       0x62 ./Drivers/STM32F4xx_HAL_Driver/Src/stm32f4xx_hal_i2s_ex.o
 *fill*         0x08004df6        0x2 
 .text.I2SEx_TxISR_I2SExt
                0x08004df8       0x98 ./Drivers/STM32F4xx_HAL_Driver/Src/stm32f4xx_hal_i2s_ex.o
 .text.I2SEx_RxISR_I2S
                0x08004e90       0x64 ./Drivers/STM32F4xx_HAL_Driver/Src/stm32f4xx_hal_i2s_ex.o
 .text.I2SEx_RxISR_I2SExt
                0x08004ef4       0x98 ./Drivers/STM32F4xx_HAL_Driver/Src/stm32f4xx_hal_i2s_ex.o
 .text.HAL_RCC_OscConfig
                0x08004f8c      0x4f0 ./Drivers/STM32F4xx_HAL_Driver/Src/stm32f4xx_hal_rcc.o
                0x08004f8c                HAL_RCC_OscConfig
 .text.HAL_RCC_ClockConfig
                0x0800547c      0x1cc ./Drivers/STM32F4xx_HAL_Driver/Src/stm32f4xx_hal_rcc.o
                0x0800547c                HAL_RCC_ClockConfig
 .text.HAL_RCC_GetSysClockFreq
                0x08005648      0x20c ./Drivers/STM32F4xx_HAL_Driver/Src/stm32f4xx_hal_rcc.o
                0x08005648                HAL_RCC_GetSysClockFreq
 .text.HAL_RCC_GetHCLKFreq
                0x08005854       0x18 ./Drivers/STM32F4xx_HAL_Driver/Src/stm32f4xx_hal_rcc.o
                0x08005854                HAL_RCC_GetHCLKFreq
 .text.HAL_RCC_GetPCLK2Freq
                0x0800586c       0x28 ./Drivers/STM32F4xx_HAL_Driver/Src/stm32f4xx_hal_rcc.o
                0x0800586c                HAL_RCC_GetPCLK2Freq
 .text.HAL_RCC_GetClockConfig
                0x08005894       0x64 ./Drivers/STM32F4xx_HAL_Driver/Src/stm32f4xx_hal_rcc.o
                0x08005894                HAL_RCC_GetClockConfig
 .text.HAL_RCCEx_PeriphCLKConfig
                0x080058f8      0x1c4 ./Drivers/STM32F4xx_HAL_Driver/Src/stm32f4xx_hal_rcc_ex.o
                0x080058f8                HAL_RCCEx_PeriphCLKConfig
 .text.HAL_RCCEx_GetPeriphCLKFreq
                0x08005abc       0xc0 ./Drivers/STM32F4xx_HAL_Driver/Src/stm32f4xx_hal_rcc_ex.o
                0x08005abc                HAL_RCCEx_GetPeriphCLKFreq
 .text.HAL_SD_Init
                0x08005b7c       0x60 ./Drivers/STM32F4xx_HAL_Driver/Src/stm32f4xx_hal_sd.o
                0x08005b7c                HAL_SD_Init
 .text.HAL_SD_InitCard
                0x08005bdc       0xf0 ./Drivers/STM32F4xx_HAL_Driver/Src/stm32f4xx_hal_sd.o
                0x08005bdc                HAL_SD_InitCard
 .text.HAL_SD_ReadBlocks
                0x08005ccc      0x3cc ./Drivers/STM32F4xx_HAL_Driver/Src/stm32f4xx_hal_sd.o
                0x08005ccc                HAL_SD_ReadBlocks
 .text.HAL_SD_WriteBlocks_DMA
                0x08006098      0x1cc ./Drivers/STM32F4xx_HAL_Driver/Src/stm32f4xx_hal_sd.o
                0x08006098                HAL_SD_WriteBlocks_DMA
 .text.HAL_SD_IRQHandler
                0x08006264      0x30c ./Drivers/STM32F4xx_HAL_Driver/Src/stm32f4xx_hal_sd.o
                0x08006264                HAL_SD_IRQHandler
 .text.HAL_SD_ErrorCallback
                0x08006570       0x14 ./Drivers/STM32F4xx_HAL_Driver/Src/stm32f4xx_hal_sd.o
                0x08006570                HAL_SD_ErrorCallback
 .text.HAL_SD_GetCardCSD
                0x08006584      0x348 ./Drivers/STM32F4xx_HAL_Driver/Src/stm32f4xx_hal_sd.o
                0x08006584                HAL_SD_GetCardCSD
 .text.HAL_SD_GetCardInfo
                0x080068cc       0x58 ./Drivers/STM32F4xx_HAL_Driver/Src/stm32f4xx_hal_sd.o
                0x080068cc                HAL_SD_GetCardInfo
 .text.HAL_SD_ConfigWideBusOperation
                0x08006924      0x134 ./Drivers/STM32F4xx_HAL_Driver/Src/stm32f4xx_hal_sd.o
                0x08006924                HAL_SD_ConfigWideBusOperation
 .text.HAL_SD_GetCardState
                0x08006a58       0x40 ./Drivers/STM32F4xx_HAL_Driver/Src/stm32f4xx_hal_sd.o
                0x08006a58                HAL_SD_GetCardState
 .text.SD_DMATransmitCplt
                0x08006a98       0x2a ./Drivers/STM32F4xx_HAL_Driver/Src/stm32f4xx_hal_sd.o
 *fill*         0x08006ac2        0x2 
 .text.SD_DMAError
                0x08006ac4       0xa4 ./Drivers/STM32F4xx_HAL_Driver/Src/stm32f4xx_hal_sd.o
 .text.SD_DMATxAbort
                0x08006b68       0x6e ./Drivers/STM32F4xx_HAL_Driver/Src/stm32f4xx_hal_sd.o
 .text.SD_DMARxAbort
                0x08006bd6       0x6e ./Drivers/STM32F4xx_HAL_Driver/Src/stm32f4xx_hal_sd.o
 .text.SD_InitCard
                0x08006c44      0x19c ./Drivers/STM32F4xx_HAL_Driver/Src/stm32f4xx_hal_sd.o
 .text.SD_PowerON
                0x08006de0      0x11c ./Drivers/STM32F4xx_HAL_Driver/Src/stm32f4xx_hal_sd.o
 .text.SD_SendStatus
                0x08006efc       0x50 ./Drivers/STM32F4xx_HAL_Driver/Src/stm32f4xx_hal_sd.o
 .text.SD_WideBus_Enable
                0x08006f4c       0x96 ./Drivers/STM32F4xx_HAL_Driver/Src/stm32f4xx_hal_sd.o
 .text.SD_WideBus_Disable
                0x08006fe2       0x96 ./Drivers/STM32F4xx_HAL_Driver/Src/stm32f4xx_hal_sd.o
 .text.SD_FindSCR
                0x08007078      0x1b4 ./Drivers/STM32F4xx_HAL_Driver/Src/stm32f4xx_hal_sd.o
 .text.SD_Read_IT
                0x0800722c       0xa2 ./Drivers/STM32F4xx_HAL_Driver/Src/stm32f4xx_hal_sd.o
 .text.SD_Write_IT
                0x080072ce       0xaa ./Drivers/STM32F4xx_HAL_Driver/Src/stm32f4xx_hal_sd.o
 .text.HAL_SPI_Init
                0x08007378      0x112 ./Drivers/STM32F4xx_HAL_Driver/Src/stm32f4xx_hal_spi.o
                0x08007378                HAL_SPI_Init
 .text.HAL_SPI_Transmit
                0x0800748a      0x288 ./Drivers/STM32F4xx_HAL_Driver/Src/stm32f4xx_hal_spi.o
                0x0800748a                HAL_SPI_Transmit
 *fill*         0x08007712        0x2 
 .text.HAL_SPI_IRQHandler
                0x08007714      0x200 ./Drivers/STM32F4xx_HAL_Driver/Src/stm32f4xx_hal_spi.o
                0x08007714                HAL_SPI_IRQHandler
 .text.HAL_SPI_ErrorCallback
                0x08007914       0x14 ./Drivers/STM32F4xx_HAL_Driver/Src/stm32f4xx_hal_spi.o
                0x08007914                HAL_SPI_ErrorCallback
 .text.SPI_DMAAbortOnError
                0x08007928       0x28 ./Drivers/STM32F4xx_HAL_Driver/Src/stm32f4xx_hal_spi.o
 .text.SPI_WaitFlagStateUntilTimeout
                0x08007950      0x110 ./Drivers/STM32F4xx_HAL_Driver/Src/stm32f4xx_hal_spi.o
 .text.SPI_EndRxTxTransaction
                0x08007a60       0xa8 ./Drivers/STM32F4xx_HAL_Driver/Src/stm32f4xx_hal_spi.o
 .text.HAL_TIM_Base_Init
                0x08007b08       0x9e ./Drivers/STM32F4xx_HAL_Driver/Src/stm32f4xx_hal_tim.o
                0x08007b08                HAL_TIM_Base_Init
 .text.HAL_TIM_Base_MspInit
                0x08007ba6       0x14 ./Drivers/STM32F4xx_HAL_Driver/Src/stm32f4xx_hal_tim.o
                0x08007ba6                HAL_TIM_Base_MspInit
 *fill*         0x08007bba        0x2 
 .text.HAL_TIM_Base_Start_IT
                0x08007bbc       0xe0 ./Drivers/STM32F4xx_HAL_Driver/Src/stm32f4xx_hal_tim.o
                0x08007bbc                HAL_TIM_Base_Start_IT
 .text.HAL_TIM_IRQHandler
                0x08007c9c      0x1e0 ./Drivers/STM32F4xx_HAL_Driver/Src/stm32f4xx_hal_tim.o
                0x08007c9c                HAL_TIM_IRQHandler
 .text.HAL_TIM_OC_DelayElapsedCallback
                0x08007e7c       0x14 ./Drivers/STM32F4xx_HAL_Driver/Src/stm32f4xx_hal_tim.o
                0x08007e7c                HAL_TIM_OC_DelayElapsedCallback
 .text.HAL_TIM_IC_CaptureCallback
                0x08007e90       0x14 ./Drivers/STM32F4xx_HAL_Driver/Src/stm32f4xx_hal_tim.o
                0x08007e90                HAL_TIM_IC_CaptureCallback
 .text.HAL_TIM_PWM_PulseFinishedCallback
                0x08007ea4       0x14 ./Drivers/STM32F4xx_HAL_Driver/Src/stm32f4xx_hal_tim.o
                0x08007ea4                HAL_TIM_PWM_PulseFinishedCallback
 .text.HAL_TIM_TriggerCallback
                0x08007eb8       0x14 ./Drivers/STM32F4xx_HAL_Driver/Src/stm32f4xx_hal_tim.o
                0x08007eb8                HAL_TIM_TriggerCallback
 .text.TIM_Base_SetConfig
                0x08007ecc      0x14c ./Drivers/STM32F4xx_HAL_Driver/Src/stm32f4xx_hal_tim.o
                0x08007ecc                TIM_Base_SetConfig
 .text.HAL_TIMEx_CommutCallback
                0x08008018       0x14 ./Drivers/STM32F4xx_HAL_Driver/Src/stm32f4xx_hal_tim_ex.o
                0x08008018                HAL_TIMEx_CommutCallback
 .text.HAL_TIMEx_BreakCallback
                0x0800802c       0x14 ./Drivers/STM32F4xx_HAL_Driver/Src/stm32f4xx_hal_tim_ex.o
                0x0800802c                HAL_TIMEx_BreakCallback
 .text.SDIO_Init
                0x08008040       0x56 ./Drivers/STM32F4xx_HAL_Driver/Src/stm32f4xx_ll_sdmmc.o
                0x08008040                SDIO_Init
 .text.SDIO_ReadFIFO
                0x08008096       0x1a ./Drivers/STM32F4xx_HAL_Driver/Src/stm32f4xx_ll_sdmmc.o
                0x08008096                SDIO_ReadFIFO
 .text.SDIO_WriteFIFO
                0x080080b0       0x22 ./Drivers/STM32F4xx_HAL_Driver/Src/stm32f4xx_ll_sdmmc.o
                0x080080b0                SDIO_WriteFIFO
 .text.SDIO_PowerState_ON
                0x080080d2       0x1c ./Drivers/STM32F4xx_HAL_Driver/Src/stm32f4xx_ll_sdmmc.o
                0x080080d2                SDIO_PowerState_ON
 .text.SDIO_GetPowerState
                0x080080ee       0x1c ./Drivers/STM32F4xx_HAL_Driver/Src/stm32f4xx_ll_sdmmc.o
                0x080080ee                SDIO_GetPowerState
 .text.SDIO_SendCommand
                0x0800810a       0x54 ./Drivers/STM32F4xx_HAL_Driver/Src/stm32f4xx_ll_sdmmc.o
                0x0800810a                SDIO_SendCommand
 .text.SDIO_GetCommandResponse
                0x0800815e       0x1a ./Drivers/STM32F4xx_HAL_Driver/Src/stm32f4xx_ll_sdmmc.o
                0x0800815e                SDIO_GetCommandResponse
 .text.SDIO_GetResponse
                0x08008178       0x26 ./Drivers/STM32F4xx_HAL_Driver/Src/stm32f4xx_ll_sdmmc.o
                0x08008178                SDIO_GetResponse
 .text.SDIO_ConfigData
                0x0800819e       0x58 ./Drivers/STM32F4xx_HAL_Driver/Src/stm32f4xx_ll_sdmmc.o
                0x0800819e                SDIO_ConfigData
 .text.SDMMC_CmdBlockLength
                0x080081f6       0x44 ./Drivers/STM32F4xx_HAL_Driver/Src/stm32f4xx_ll_sdmmc.o
                0x080081f6                SDMMC_CmdBlockLength
 .text.SDMMC_CmdReadSingleBlock
                0x0800823a       0x44 ./Drivers/STM32F4xx_HAL_Driver/Src/stm32f4xx_ll_sdmmc.o
                0x0800823a                SDMMC_CmdReadSingleBlock
 .text.SDMMC_CmdReadMultiBlock
                0x0800827e       0x44 ./Drivers/STM32F4xx_HAL_Driver/Src/stm32f4xx_ll_sdmmc.o
                0x0800827e                SDMMC_CmdReadMultiBlock
 .text.SDMMC_CmdWriteSingleBlock
                0x080082c2       0x44 ./Drivers/STM32F4xx_HAL_Driver/Src/stm32f4xx_ll_sdmmc.o
                0x080082c2                SDMMC_CmdWriteSingleBlock
 .text.SDMMC_CmdWriteMultiBlock
                0x08008306       0x44 ./Drivers/STM32F4xx_HAL_Driver/Src/stm32f4xx_ll_sdmmc.o
                0x08008306                SDMMC_CmdWriteMultiBlock
 *fill*         0x0800834a        0x2 
 .text.SDMMC_CmdStopTransfer
                0x0800834c       0x44 ./Drivers/STM32F4xx_HAL_Driver/Src/stm32f4xx_ll_sdmmc.o
                0x0800834c                SDMMC_CmdStopTransfer
 .text.SDMMC_CmdSelDesel
                0x08008390       0x46 ./Drivers/STM32F4xx_HAL_Driver/Src/stm32f4xx_ll_sdmmc.o
                0x08008390                SDMMC_CmdSelDesel
 .text.SDMMC_CmdGoIdleState
                0x080083d6       0x3c ./Drivers/STM32F4xx_HAL_Driver/Src/stm32f4xx_ll_sdmmc.o
                0x080083d6                SDMMC_CmdGoIdleState
 .text.SDMMC_CmdOperCond
                0x08008412       0x3e ./Drivers/STM32F4xx_HAL_Driver/Src/stm32f4xx_ll_sdmmc.o
                0x08008412                SDMMC_CmdOperCond
 .text.SDMMC_CmdAppCommand
                0x08008450       0x44 ./Drivers/STM32F4xx_HAL_Driver/Src/stm32f4xx_ll_sdmmc.o
                0x08008450                SDMMC_CmdAppCommand
 .text.SDMMC_CmdAppOperCommand
                0x08008494       0x46 ./Drivers/STM32F4xx_HAL_Driver/Src/stm32f4xx_ll_sdmmc.o
                0x08008494                SDMMC_CmdAppOperCommand
 .text.SDMMC_CmdBusWidth
                0x080084da       0x44 ./Drivers/STM32F4xx_HAL_Driver/Src/stm32f4xx_ll_sdmmc.o
                0x080084da                SDMMC_CmdBusWidth
 .text.SDMMC_CmdSendSCR
                0x0800851e       0x42 ./Drivers/STM32F4xx_HAL_Driver/Src/stm32f4xx_ll_sdmmc.o
                0x0800851e                SDMMC_CmdSendSCR
 .text.SDMMC_CmdSendCID
                0x08008560       0x3c ./Drivers/STM32F4xx_HAL_Driver/Src/stm32f4xx_ll_sdmmc.o
                0x08008560                SDMMC_CmdSendCID
 .text.SDMMC_CmdSendCSD
                0x0800859c       0x3e ./Drivers/STM32F4xx_HAL_Driver/Src/stm32f4xx_ll_sdmmc.o
                0x0800859c                SDMMC_CmdSendCSD
 .text.SDMMC_CmdSetRelAdd
                0x080085da       0x42 ./Drivers/STM32F4xx_HAL_Driver/Src/stm32f4xx_ll_sdmmc.o
                0x080085da                SDMMC_CmdSetRelAdd
 .text.SDMMC_CmdSendStatus
                0x0800861c       0x44 ./Drivers/STM32F4xx_HAL_Driver/Src/stm32f4xx_ll_sdmmc.o
                0x0800861c                SDMMC_CmdSendStatus
 .text.SDMMC_GetCmdResp1
                0x08008660      0x1dc ./Drivers/STM32F4xx_HAL_Driver/Src/stm32f4xx_ll_sdmmc.o
                0x08008660                SDMMC_GetCmdResp1
 .text.SDMMC_GetCmdResp2
                0x0800883c       0x90 ./Drivers/STM32F4xx_HAL_Driver/Src/stm32f4xx_ll_sdmmc.o
                0x0800883c                SDMMC_GetCmdResp2
 .text.SDMMC_GetCmdResp3
                0x080088cc       0x7c ./Drivers/STM32F4xx_HAL_Driver/Src/stm32f4xx_ll_sdmmc.o
                0x080088cc                SDMMC_GetCmdResp3
 .text.SDMMC_GetCmdResp6
                0x08008948       0xec ./Drivers/STM32F4xx_HAL_Driver/Src/stm32f4xx_ll_sdmmc.o
                0x08008948                SDMMC_GetCmdResp6
 .text.SDMMC_GetCmdResp7
                0x08008a34       0x9c ./Drivers/STM32F4xx_HAL_Driver/Src/stm32f4xx_ll_sdmmc.o
                0x08008a34                SDMMC_GetCmdResp7
 .text.SDMMC_GetCmdError
                0x08008ad0       0x58 ./Drivers/STM32F4xx_HAL_Driver/Src/stm32f4xx_ll_sdmmc.o
 .text.MX_FATFS_Init
                0x08008b28       0x24 ./FATFS/App/fatfs.o
                0x08008b28                MX_FATFS_Init
 .text.get_fattime
                0x08008b4c       0x10 ./FATFS/App/fatfs.o
                0x08008b4c                get_fattime
 .text.BSP_SD_Init
                0x08008b5c       0x4c ./FATFS/Target/bsp_driver_sd.o
                0x08008b5c                BSP_SD_Init
 .text.BSP_SD_ReadBlocks
                0x08008ba8       0x3c ./FATFS/Target/bsp_driver_sd.o
                0x08008ba8                BSP_SD_ReadBlocks
 .text.BSP_SD_WriteBlocks_DMA
                0x08008be4       0x34 ./FATFS/Target/bsp_driver_sd.o
                0x08008be4                BSP_SD_WriteBlocks_DMA
 .text.BSP_SD_GetCardState
                0x08008c18       0x20 ./FATFS/Target/bsp_driver_sd.o
                0x08008c18                BSP_SD_GetCardState
 .text.BSP_SD_GetCardInfo
                0x08008c38       0x1c ./FATFS/Target/bsp_driver_sd.o
                0x08008c38                BSP_SD_GetCardInfo
 .text.HAL_SD_AbortCallback
                0x08008c54       0x14 ./FATFS/Target/bsp_driver_sd.o
                0x08008c54                HAL_SD_AbortCallback
 .text.HAL_SD_TxCpltCallback
                0x08008c68       0x14 ./FATFS/Target/bsp_driver_sd.o
                0x08008c68                HAL_SD_TxCpltCallback
 .text.HAL_SD_RxCpltCallback
                0x08008c7c       0x14 ./FATFS/Target/bsp_driver_sd.o
                0x08008c7c                HAL_SD_RxCpltCallback
 .text.BSP_SD_AbortCallback
                0x08008c90        0xe ./FATFS/Target/bsp_driver_sd.o
                0x08008c90                BSP_SD_AbortCallback
 .text.BSP_SD_IsDetected
                0x08008c9e       0x1a ./FATFS/Target/bsp_driver_sd.o
                0x08008c9e                BSP_SD_IsDetected
 .text.SD_CheckStatusWithTimeout
                0x08008cb8       0x3a ./FATFS/Target/sd_diskio.o
 *fill*         0x08008cf2        0x2 
 .text.SD_CheckStatus
                0x08008cf4       0x3c ./FATFS/Target/sd_diskio.o
 .text.SD_initialize
                0x08008d30       0x84 ./FATFS/Target/sd_diskio.o
                0x08008d30                SD_initialize
 .text.SD_status
                0x08008db4       0x1c ./FATFS/Target/sd_diskio.o
                0x08008db4                SD_status
 .text.SD_read  0x08008dd0       0x94 ./FATFS/Target/sd_diskio.o
                0x08008dd0                SD_read
 .text.SD_write
                0x08008e64       0x90 ./FATFS/Target/sd_diskio.o
                0x08008e64                SD_write
 .text.SD_ioctl
                0x08008ef4       0xb0 ./FATFS/Target/sd_diskio.o
                0x08008ef4                SD_ioctl
 .text.BSP_SD_WriteCpltCallback
                0x08008fa4       0x24 ./FATFS/Target/sd_diskio.o
                0x08008fa4                BSP_SD_WriteCpltCallback
 .text.BSP_SD_ReadCpltCallback
                0x08008fc8       0x24 ./FATFS/Target/sd_diskio.o
                0x08008fc8                BSP_SD_ReadCpltCallback
 .text.BSP_GetSDQueueID
                0x08008fec       0x18 ./FATFS/Target/sd_diskio.o
                0x08008fec                BSP_GetSDQueueID
 .text.BSP_SD_ReadBlocks_DMA
                0x08009004       0x4c ./FATFS/Target/sd_diskio.o
                0x08009004                BSP_SD_ReadBlocks_DMA
 .text.disk_status
                0x08009050       0x34 ./Middlewares/Third_Party/FatFs/src/diskio.o
                0x08009050                disk_status
 .text.disk_initialize
                0x08009084       0x50 ./Middlewares/Third_Party/FatFs/src/diskio.o
                0x08009084                disk_initialize
 .text.disk_read
                0x080090d4       0x40 ./Middlewares/Third_Party/FatFs/src/diskio.o
                0x080090d4                disk_read
 .text.disk_write
                0x08009114       0x40 ./Middlewares/Third_Party/FatFs/src/diskio.o
                0x08009114                disk_write
 .text.disk_ioctl
                0x08009154       0x3c ./Middlewares/Third_Party/FatFs/src/diskio.o
                0x08009154                disk_ioctl
 .text.ld_word  0x08009190       0x32 ./Middlewares/Third_Party/FatFs/src/ff.o
 .text.ld_dword
                0x080091c2       0x46 ./Middlewares/Third_Party/FatFs/src/ff.o
 .text.st_word  0x08009208       0x36 ./Middlewares/Third_Party/FatFs/src/ff.o
 .text.st_dword
                0x0800923e       0x58 ./Middlewares/Third_Party/FatFs/src/ff.o
 .text.mem_cpy  0x08009296       0x42 ./Middlewares/Third_Party/FatFs/src/ff.o
 .text.mem_set  0x080092d8       0x36 ./Middlewares/Third_Party/FatFs/src/ff.o
 .text.mem_cmp  0x0800930e       0x4e ./Middlewares/Third_Party/FatFs/src/ff.o
 .text.chk_chr  0x0800935c       0x36 ./Middlewares/Third_Party/FatFs/src/ff.o
 .text.lock_fs  0x08009392       0x2c ./Middlewares/Third_Party/FatFs/src/ff.o
 .text.unlock_fs
                0x080093be       0x36 ./Middlewares/Third_Party/FatFs/src/ff.o
 .text.chk_lock
                0x080093f4       0xb8 ./Middlewares/Third_Party/FatFs/src/ff.o
 .text.enq_lock
                0x080094ac       0x44 ./Middlewares/Third_Party/FatFs/src/ff.o
 .text.inc_lock
                0x080094f0      0x11c ./Middlewares/Third_Party/FatFs/src/ff.o
 .text.dec_lock
                0x0800960c       0x78 ./Middlewares/Third_Party/FatFs/src/ff.o
 .text.clear_lock
                0x08009684       0x48 ./Middlewares/Third_Party/FatFs/src/ff.o
 .text.sync_window
                0x080096cc       0x88 ./Middlewares/Third_Party/FatFs/src/ff.o
 .text.move_window
                0x08009754       0x5a ./Middlewares/Third_Party/FatFs/src/ff.o
 *fill*         0x080097ae        0x2 
 .text.sync_fs  0x080097b0       0xdc ./Middlewares/Third_Party/FatFs/src/ff.o
 .text.clust2sect
                0x0800988c       0x3e ./Middlewares/Third_Party/FatFs/src/ff.o
 .text.get_fat  0x080098ca      0x14e ./Middlewares/Third_Party/FatFs/src/ff.o
 .text.put_fat  0x08009a18      0x1d4 ./Middlewares/Third_Party/FatFs/src/ff.o
 .text.remove_chain
                0x08009bec       0xca ./Middlewares/Third_Party/FatFs/src/ff.o
 .text.create_chain
                0x08009cb6      0x130 ./Middlewares/Third_Party/FatFs/src/ff.o
 .text.clmt_clust
                0x08009de6       0x68 ./Middlewares/Third_Party/FatFs/src/ff.o
 .text.dir_sdi  0x08009e4e       0xf6 ./Middlewares/Third_Party/FatFs/src/ff.o
 .text.dir_next
                0x08009f44      0x18a ./Middlewares/Third_Party/FatFs/src/ff.o
 .text.dir_alloc
                0x0800a0ce       0x8e ./Middlewares/Third_Party/FatFs/src/ff.o
 .text.ld_clust
                0x0800a15c       0x3e ./Middlewares/Third_Party/FatFs/src/ff.o
 .text.st_clust
                0x0800a19a       0x40 ./Middlewares/Third_Party/FatFs/src/ff.o
 .text.dir_read
                0x0800a1da       0xba ./Middlewares/Third_Party/FatFs/src/ff.o
 .text.dir_find
                0x0800a294       0xaa ./Middlewares/Third_Party/FatFs/src/ff.o
 .text.dir_register
                0x0800a33e       0x64 ./Middlewares/Third_Party/FatFs/src/ff.o
 .text.get_fileinfo
                0x0800a3a2       0xc0 ./Middlewares/Third_Party/FatFs/src/ff.o
 *fill*         0x0800a462        0x2 
 .text.create_name
                0x0800a464      0x194 ./Middlewares/Third_Party/FatFs/src/ff.o
 .text.follow_path
                0x0800a5f8       0xe2 ./Middlewares/Third_Party/FatFs/src/ff.o
 .text.get_ldnumber
                0x0800a6da       0x88 ./Middlewares/Third_Party/FatFs/src/ff.o
 *fill*         0x0800a762        0x2 
 .text.check_fs
                0x0800a764       0xac ./Middlewares/Third_Party/FatFs/src/ff.o
 .text.find_volume
                0x0800a810      0x4a8 ./Middlewares/Third_Party/FatFs/src/ff.o
 .text.validate
                0x0800acb8       0x8e ./Middlewares/Third_Party/FatFs/src/ff.o
 *fill*         0x0800ad46        0x2 
 .text.f_mount  0x0800ad48       0xc8 ./Middlewares/Third_Party/FatFs/src/ff.o
                0x0800ad48                f_mount
 .text.f_open   0x0800ae10      0x382 ./Middlewares/Third_Party/FatFs/src/ff.o
                0x0800ae10                f_open
 .text.f_read   0x0800b192      0x2dc ./Middlewares/Third_Party/FatFs/src/ff.o
                0x0800b192                f_read
 .text.f_write  0x0800b46e      0x348 ./Middlewares/Third_Party/FatFs/src/ff.o
                0x0800b46e                f_write
 .text.f_sync   0x0800b7b6      0x112 ./Middlewares/Third_Party/FatFs/src/ff.o
                0x0800b7b6                f_sync
 .text.f_close  0x0800b8c8       0x5e ./Middlewares/Third_Party/FatFs/src/ff.o
                0x0800b8c8                f_close
 .text.f_lseek  0x0800b926      0x4a6 ./Middlewares/Third_Party/FatFs/src/ff.o
                0x0800b926                f_lseek
 .text.f_opendir
                0x0800bdcc       0xf2 ./Middlewares/Third_Party/FatFs/src/ff.o
                0x0800bdcc                f_opendir
 .text.f_closedir
                0x0800bebe       0x56 ./Middlewares/Third_Party/FatFs/src/ff.o
                0x0800bebe                f_closedir
 .text.f_readdir
                0x0800bf14       0x86 ./Middlewares/Third_Party/FatFs/src/ff.o
                0x0800bf14                f_readdir
 .text.f_gets   0x0800bf9a       0x7c ./Middlewares/Third_Party/FatFs/src/ff.o
                0x0800bf9a                f_gets
 *fill*         0x0800c016        0x2 
 .text.FATFS_LinkDriverEx
                0x0800c018       0x98 ./Middlewares/Third_Party/FatFs/src/ff_gen_drv.o
                0x0800c018                FATFS_LinkDriverEx
 .text.FATFS_LinkDriver
                0x0800c0b0       0x1e ./Middlewares/Third_Party/FatFs/src/ff_gen_drv.o
                0x0800c0b0                FATFS_LinkDriver
 .text.ff_cre_syncobj
                0x0800c0ce       0x36 ./Middlewares/Third_Party/FatFs/src/option/syscall.o
                0x0800c0ce                ff_cre_syncobj
 .text.ff_del_syncobj
                0x0800c104       0x18 ./Middlewares/Third_Party/FatFs/src/option/syscall.o
                0x0800c104                ff_del_syncobj
 .text.ff_req_grant
                0x0800c11c       0x2a ./Middlewares/Third_Party/FatFs/src/option/syscall.o
                0x0800c11c                ff_req_grant
 .text.ff_rel_grant
                0x0800c146       0x16 ./Middlewares/Third_Party/FatFs/src/option/syscall.o
                0x0800c146                ff_rel_grant
 .text.__NVIC_SetPriority
                0x0800c15c       0x54 ./Middlewares/Third_Party/FreeRTOS/Source/CMSIS_RTOS_V2/cmsis_os2.o
 .text.SysTick_Handler
                0x0800c1b0       0x20 ./Middlewares/Third_Party/FreeRTOS/Source/CMSIS_RTOS_V2/cmsis_os2.o
                0x0800c1b0                SysTick_Handler
 .text.SVC_Setup
                0x0800c1d0       0x12 ./Middlewares/Third_Party/FreeRTOS/Source/CMSIS_RTOS_V2/cmsis_os2.o
 *fill*         0x0800c1e2        0x2 
 .text.osKernelInitialize
                0x0800c1e4       0x48 ./Middlewares/Third_Party/FreeRTOS/Source/CMSIS_RTOS_V2/cmsis_os2.o
                0x0800c1e4                osKernelInitialize
 .text.osKernelGetState
                0x0800c22c       0x44 ./Middlewares/Third_Party/FreeRTOS/Source/CMSIS_RTOS_V2/cmsis_os2.o
                0x0800c22c                osKernelGetState
 .text.osKernelStart
                0x0800c270       0x4c ./Middlewares/Third_Party/FreeRTOS/Source/CMSIS_RTOS_V2/cmsis_os2.o
                0x0800c270                osKernelStart
 .text.osKernelGetTickCount
                0x0800c2bc       0x2a ./Middlewares/Third_Party/FreeRTOS/Source/CMSIS_RTOS_V2/cmsis_os2.o
                0x0800c2bc                osKernelGetTickCount
 .text.osThreadNew
                0x0800c2e6      0x124 ./Middlewares/Third_Party/FreeRTOS/Source/CMSIS_RTOS_V2/cmsis_os2.o
                0x0800c2e6                osThreadNew
 .text.osDelay  0x0800c40a       0x36 ./Middlewares/Third_Party/FreeRTOS/Source/CMSIS_RTOS_V2/cmsis_os2.o
                0x0800c40a                osDelay
 .text.osSemaphoreNew
                0x0800c440      0x112 ./Middlewares/Third_Party/FreeRTOS/Source/CMSIS_RTOS_V2/cmsis_os2.o
                0x0800c440                osSemaphoreNew
 *fill*         0x0800c552        0x2 
 .text.osSemaphoreAcquire
                0x0800c554       0xa4 ./Middlewares/Third_Party/FreeRTOS/Source/CMSIS_RTOS_V2/cmsis_os2.o
                0x0800c554                osSemaphoreAcquire
 .text.osSemaphoreRelease
                0x0800c5f8       0x88 ./Middlewares/Third_Party/FreeRTOS/Source/CMSIS_RTOS_V2/cmsis_os2.o
                0x0800c5f8                osSemaphoreRelease
 .text.osSemaphoreDelete
                0x0800c680       0x48 ./Middlewares/Third_Party/FreeRTOS/Source/CMSIS_RTOS_V2/cmsis_os2.o
                0x0800c680                osSemaphoreDelete
 .text.osMessageQueueNew
                0x0800c6c8       0xe6 ./Middlewares/Third_Party/FreeRTOS/Source/CMSIS_RTOS_V2/cmsis_os2.o
                0x0800c6c8                osMessageQueueNew
 *fill*         0x0800c7ae        0x2 
 .text.osMessageQueuePut
                0x0800c7b0       0xc0 ./Middlewares/Third_Party/FreeRTOS/Source/CMSIS_RTOS_V2/cmsis_os2.o
                0x0800c7b0                osMessageQueuePut
 .text.osMessageQueueGet
                0x0800c870       0xbc ./Middlewares/Third_Party/FreeRTOS/Source/CMSIS_RTOS_V2/cmsis_os2.o
                0x0800c870                osMessageQueueGet
 .text.vApplicationGetIdleTaskMemory
                0x0800c92c       0x34 ./Middlewares/Third_Party/FreeRTOS/Source/CMSIS_RTOS_V2/cmsis_os2.o
                0x0800c92c                vApplicationGetIdleTaskMemory
 .text.vApplicationGetTimerTaskMemory
                0x0800c960       0x34 ./Middlewares/Third_Party/FreeRTOS/Source/CMSIS_RTOS_V2/cmsis_os2.o
                0x0800c960                vApplicationGetTimerTaskMemory
 .text.vListInitialise
                0x0800c994       0x40 ./Middlewares/Third_Party/FreeRTOS/Source/list.o
                0x0800c994                vListInitialise
 .text.vListInitialiseItem
                0x0800c9d4       0x1a ./Middlewares/Third_Party/FreeRTOS/Source/list.o
                0x0800c9d4                vListInitialiseItem
 .text.vListInsertEnd
                0x0800c9ee       0x48 ./Middlewares/Third_Party/FreeRTOS/Source/list.o
                0x0800c9ee                vListInsertEnd
 .text.vListInsert
                0x0800ca36       0x72 ./Middlewares/Third_Party/FreeRTOS/Source/list.o
                0x0800ca36                vListInsert
 .text.uxListRemove
                0x0800caa8       0x54 ./Middlewares/Third_Party/FreeRTOS/Source/list.o
                0x0800caa8                uxListRemove
 .text.xQueueGenericReset
                0x0800cafc       0xd4 ./Middlewares/Third_Party/FreeRTOS/Source/queue.o
                0x0800cafc                xQueueGenericReset
 .text.xQueueGenericCreateStatic
                0x0800cbd0       0xfa ./Middlewares/Third_Party/FreeRTOS/Source/queue.o
                0x0800cbd0                xQueueGenericCreateStatic
 .text.xQueueGenericCreate
                0x0800ccca       0x76 ./Middlewares/Third_Party/FreeRTOS/Source/queue.o
                0x0800ccca                xQueueGenericCreate
 .text.prvInitialiseNewQueue
                0x0800cd40       0x46 ./Middlewares/Third_Party/FreeRTOS/Source/queue.o
 .text.xQueueCreateCountingSemaphoreStatic
                0x0800cd86       0x72 ./Middlewares/Third_Party/FreeRTOS/Source/queue.o
                0x0800cd86                xQueueCreateCountingSemaphoreStatic
 .text.xQueueCreateCountingSemaphore
                0x0800cdf8       0x6a ./Middlewares/Third_Party/FreeRTOS/Source/queue.o
                0x0800cdf8                xQueueCreateCountingSemaphore
 *fill*         0x0800ce62        0x2 
 .text.xQueueGenericSend
                0x0800ce64      0x204 ./Middlewares/Third_Party/FreeRTOS/Source/queue.o
                0x0800ce64                xQueueGenericSend
 .text.xQueueGenericSendFromISR
                0x0800d068      0x13c ./Middlewares/Third_Party/FreeRTOS/Source/queue.o
                0x0800d068                xQueueGenericSendFromISR
 .text.xQueueGiveFromISR
                0x0800d1a4      0x120 ./Middlewares/Third_Party/FreeRTOS/Source/queue.o
                0x0800d1a4                xQueueGiveFromISR
 .text.xQueueReceive
                0x0800d2c4      0x1c4 ./Middlewares/Third_Party/FreeRTOS/Source/queue.o
                0x0800d2c4                xQueueReceive
 .text.xQueueSemaphoreTake
                0x0800d488      0x220 ./Middlewares/Third_Party/FreeRTOS/Source/queue.o
                0x0800d488                xQueueSemaphoreTake
 .text.xQueueReceiveFromISR
                0x0800d6a8      0x104 ./Middlewares/Third_Party/FreeRTOS/Source/queue.o
                0x0800d6a8                xQueueReceiveFromISR
 .text.vQueueDelete
                0x0800d7ac       0x48 ./Middlewares/Third_Party/FreeRTOS/Source/queue.o
                0x0800d7ac                vQueueDelete
 .text.prvGetDisinheritPriorityAfterTimeout
                0x0800d7f4       0x30 ./Middlewares/Third_Party/FreeRTOS/Source/queue.o
 .text.prvCopyDataToQueue
                0x0800d824       0xd4 ./Middlewares/Third_Party/FreeRTOS/Source/queue.o
 .text.prvCopyDataFromQueue
                0x0800d8f8       0x4c ./Middlewares/Third_Party/FreeRTOS/Source/queue.o
 .text.prvUnlockQueue
                0x0800d944       0xa4 ./Middlewares/Third_Party/FreeRTOS/Source/queue.o
 .text.prvIsQueueEmpty
                0x0800d9e8       0x2c ./Middlewares/Third_Party/FreeRTOS/Source/queue.o
 .text.prvIsQueueFull
                0x0800da14       0x30 ./Middlewares/Third_Party/FreeRTOS/Source/queue.o
 .text.vQueueAddToRegistry
                0x0800da44       0x54 ./Middlewares/Third_Party/FreeRTOS/Source/queue.o
                0x0800da44                vQueueAddToRegistry
 .text.vQueueUnregisterQueue
                0x0800da98       0x54 ./Middlewares/Third_Party/FreeRTOS/Source/queue.o
                0x0800da98                vQueueUnregisterQueue
 .text.vQueueWaitForMessageRestricted
                0x0800daec       0x68 ./Middlewares/Third_Party/FreeRTOS/Source/queue.o
                0x0800daec                vQueueWaitForMessageRestricted
 .text.xTaskCreateStatic
                0x0800db54       0xc0 ./Middlewares/Third_Party/FreeRTOS/Source/tasks.o
                0x0800db54                xTaskCreateStatic
 .text.xTaskCreate
                0x0800dc14       0x8a ./Middlewares/Third_Party/FreeRTOS/Source/tasks.o
                0x0800dc14                xTaskCreate
 *fill*         0x0800dc9e        0x2 
 .text.prvInitialiseNewTask
                0x0800dca0      0x150 ./Middlewares/Third_Party/FreeRTOS/Source/tasks.o
 .text.prvAddNewTaskToReadyList
                0x0800ddf0       0xe0 ./Middlewares/Third_Party/FreeRTOS/Source/tasks.o
 .text.vTaskDelay
                0x0800ded0       0x6c ./Middlewares/Third_Party/FreeRTOS/Source/tasks.o
                0x0800ded0                vTaskDelay
 .text.vTaskStartScheduler
                0x0800df3c       0xe0 ./Middlewares/Third_Party/FreeRTOS/Source/tasks.o
                0x0800df3c                vTaskStartScheduler
 .text.vTaskSuspendAll
                0x0800e01c       0x1c ./Middlewares/Third_Party/FreeRTOS/Source/tasks.o
                0x0800e01c                vTaskSuspendAll
 .text.xTaskResumeAll
                0x0800e038      0x13c ./Middlewares/Third_Party/FreeRTOS/Source/tasks.o
                0x0800e038                xTaskResumeAll
 .text.xTaskGetTickCount
                0x0800e174       0x20 ./Middlewares/Third_Party/FreeRTOS/Source/tasks.o
                0x0800e174                xTaskGetTickCount
 .text.xTaskGetTickCountFromISR
                0x0800e194       0x24 ./Middlewares/Third_Party/FreeRTOS/Source/tasks.o
                0x0800e194                xTaskGetTickCountFromISR
 .text.xTaskIncrementTick
                0x0800e1b8      0x174 ./Middlewares/Third_Party/FreeRTOS/Source/tasks.o
                0x0800e1b8                xTaskIncrementTick
 .text.vTaskSwitchContext
                0x0800e32c       0xcc ./Middlewares/Third_Party/FreeRTOS/Source/tasks.o
                0x0800e32c                vTaskSwitchContext
 .text.vTaskPlaceOnEventList
                0x0800e3f8       0x4c ./Middlewares/Third_Party/FreeRTOS/Source/tasks.o
                0x0800e3f8                vTaskPlaceOnEventList
 .text.vTaskPlaceOnEventListRestricted
                0x0800e444       0x58 ./Middlewares/Third_Party/FreeRTOS/Source/tasks.o
                0x0800e444                vTaskPlaceOnEventListRestricted
 .text.xTaskRemoveFromEventList
                0x0800e49c       0xc8 ./Middlewares/Third_Party/FreeRTOS/Source/tasks.o
                0x0800e49c                xTaskRemoveFromEventList
 .text.vTaskInternalSetTimeOutState
                0x0800e564       0x2c ./Middlewares/Third_Party/FreeRTOS/Source/tasks.o
                0x0800e564                vTaskInternalSetTimeOutState
 .text.xTaskCheckForTimeOut
                0x0800e590       0xc8 ./Middlewares/Third_Party/FreeRTOS/Source/tasks.o
                0x0800e590                xTaskCheckForTimeOut
 .text.vTaskMissedYield
                0x0800e658       0x18 ./Middlewares/Third_Party/FreeRTOS/Source/tasks.o
                0x0800e658                vTaskMissedYield
 .text.prvIdleTask
                0x0800e670       0x30 ./Middlewares/Third_Party/FreeRTOS/Source/tasks.o
 .text.prvInitialiseTaskLists
                0x0800e6a0       0x80 ./Middlewares/Third_Party/FreeRTOS/Source/tasks.o
 .text.prvCheckTasksWaitingTermination
                0x0800e720       0x5c ./Middlewares/Third_Party/FreeRTOS/Source/tasks.o
 .text.prvDeleteTCB
                0x0800e77c       0x6a ./Middlewares/Third_Party/FreeRTOS/Source/tasks.o
 *fill*         0x0800e7e6        0x2 
 .text.prvResetNextTaskUnblockTime
                0x0800e7e8       0x40 ./Middlewares/Third_Party/FreeRTOS/Source/tasks.o
 .text.xTaskGetSchedulerState
                0x0800e828       0x3c ./Middlewares/Third_Party/FreeRTOS/Source/tasks.o
                0x0800e828                xTaskGetSchedulerState
 .text.xTaskPriorityInherit
                0x0800e864       0xd0 ./Middlewares/Third_Party/FreeRTOS/Source/tasks.o
                0x0800e864                xTaskPriorityInherit
 .text.xTaskPriorityDisinherit
                0x0800e934       0xe0 ./Middlewares/Third_Party/FreeRTOS/Source/tasks.o
                0x0800e934                xTaskPriorityDisinherit
 .text.vTaskPriorityDisinheritAfterTimeout
                0x0800ea14      0x108 ./Middlewares/Third_Party/FreeRTOS/Source/tasks.o
                0x0800ea14                vTaskPriorityDisinheritAfterTimeout
 .text.pvTaskIncrementMutexHeldCount
                0x0800eb1c       0x28 ./Middlewares/Third_Party/FreeRTOS/Source/tasks.o
                0x0800eb1c                pvTaskIncrementMutexHeldCount
 .text.prvAddCurrentTaskToDelayedList
                0x0800eb44       0xa8 ./Middlewares/Third_Party/FreeRTOS/Source/tasks.o
 .text.xTimerCreateTimerTask
                0x0800ebec       0x94 ./Middlewares/Third_Party/FreeRTOS/Source/timers.o
                0x0800ebec                xTimerCreateTimerTask
 .text.xTimerGenericCommand
                0x0800ec80       0x9c ./Middlewares/Third_Party/FreeRTOS/Source/timers.o
                0x0800ec80                xTimerGenericCommand
 .text.prvProcessExpiredTimer
                0x0800ed1c       0x9c ./Middlewares/Third_Party/FreeRTOS/Source/timers.o
 .text.prvTimerTask
                0x0800edb8       0x26 ./Middlewares/Third_Party/FreeRTOS/Source/timers.o
 *fill*         0x0800edde        0x2 
 .text.prvProcessTimerOrBlockTask
                0x0800ede0       0x9c ./Middlewares/Third_Party/FreeRTOS/Source/timers.o
 .text.prvGetNextExpireTime
                0x0800ee7c       0x48 ./Middlewares/Third_Party/FreeRTOS/Source/timers.o
 .text.prvSampleTimeNow
                0x0800eec4       0x40 ./Middlewares/Third_Party/FreeRTOS/Source/timers.o
 .text.prvInsertTimerInActiveList
                0x0800ef04       0x84 ./Middlewares/Third_Party/FreeRTOS/Source/timers.o
 .text.prvProcessReceivedCommands
                0x0800ef88      0x1cc ./Middlewares/Third_Party/FreeRTOS/Source/timers.o
 .text.prvSwitchTimerLists
                0x0800f154       0xcc ./Middlewares/Third_Party/FreeRTOS/Source/timers.o
 .text.prvCheckForValidListAndQueue
                0x0800f220       0x80 ./Middlewares/Third_Party/FreeRTOS/Source/timers.o
 .text.pxPortInitialiseStack
                0x0800f2a0       0x68 ./Middlewares/Third_Party/FreeRTOS/Source/portable/GCC/ARM_CM4F/port.o
                0x0800f2a0                pxPortInitialiseStack
 .text.prvTaskExitError
                0x0800f308       0x5c ./Middlewares/Third_Party/FreeRTOS/Source/portable/GCC/ARM_CM4F/port.o
 *fill*         0x0800f364        0xc 
 .text.SVC_Handler
                0x0800f370       0x28 ./Middlewares/Third_Party/FreeRTOS/Source/portable/GCC/ARM_CM4F/port.o
                0x0800f370                SVC_Handler
 .text.prvPortStartFirstTask
                0x0800f398       0x28 ./Middlewares/Third_Party/FreeRTOS/Source/portable/GCC/ARM_CM4F/port.o
 .text.xPortStartScheduler
                0x0800f3c0      0x148 ./Middlewares/Third_Party/FreeRTOS/Source/portable/GCC/ARM_CM4F/port.o
                0x0800f3c0                xPortStartScheduler
 .text.vPortEnterCritical
                0x0800f508       0x64 ./Middlewares/Third_Party/FreeRTOS/Source/portable/GCC/ARM_CM4F/port.o
                0x0800f508                vPortEnterCritical
 .text.vPortExitCritical
                0x0800f56c       0x54 ./Middlewares/Third_Party/FreeRTOS/Source/portable/GCC/ARM_CM4F/port.o
                0x0800f56c                vPortExitCritical
 .text.PendSV_Handler
                0x0800f5c0       0x68 ./Middlewares/Third_Party/FreeRTOS/Source/portable/GCC/ARM_CM4F/port.o
                0x0800f5c0                PendSV_Handler
 .text.xPortSysTickHandler
                0x0800f628       0x44 ./Middlewares/Third_Party/FreeRTOS/Source/portable/GCC/ARM_CM4F/port.o
                0x0800f628                xPortSysTickHandler
 .text.vPortSetupTimerInterrupt
                0x0800f66c       0x48 ./Middlewares/Third_Party/FreeRTOS/Source/portable/GCC/ARM_CM4F/port.o
                0x0800f66c                vPortSetupTimerInterrupt
 .text.vPortEnableVFP
                0x0800f6b4       0x14 ./Middlewares/Third_Party/FreeRTOS/Source/portable/GCC/ARM_CM4F/port.o
 .text.vPortValidateInterruptPriority
                0x0800f6c8       0x84 ./Middlewares/Third_Party/FreeRTOS/Source/portable/GCC/ARM_CM4F/port.o
                0x0800f6c8                vPortValidateInterruptPriority
 .text.pvPortMalloc
                0x0800f74c      0x19c ./Middlewares/Third_Party/FreeRTOS/Source/portable/MemMang/heap_4.o
                0x0800f74c                pvPortMalloc
 .text.vPortFree
                0x0800f8e8       0xc8 ./Middlewares/Third_Party/FreeRTOS/Source/portable/MemMang/heap_4.o
                0x0800f8e8                vPortFree
 .text.prvHeapInit
                0x0800f9b0       0xc4 ./Middlewares/Third_Party/FreeRTOS/Source/portable/MemMang/heap_4.o
 .text.prvInsertBlockIntoFreeList
                0x0800fa74       0xb4 ./Middlewares/Third_Party/FreeRTOS/Source/portable/MemMang/heap_4.o
 .text.sprintf  0x0800fb28       0x44 E:/STM32CubeIDE_2.0.0/STM32CubeIDE/plugins/com.st.stm32cube.ide.mcu.externaltools.gnu-tools-for-stm32.13.3.rel1.win32_1.0.100.202509120712/tools/bin/../lib/gcc/arm-none-eabi/13.3.1/../../../../arm-none-eabi/lib/thumb/v7e-m+fp/hard\libc_nano.a(libc_a-sprintf.o)
                0x0800fb28                siprintf
                0x0800fb28                sprintf
 .text.memcmp   0x0800fb6c       0x20 E:/STM32CubeIDE_2.0.0/STM32CubeIDE/plugins/com.st.stm32cube.ide.mcu.externaltools.gnu-tools-for-stm32.13.3.rel1.win32_1.0.100.202509120712/tools/bin/../lib/gcc/arm-none-eabi/13.3.1/../../../../arm-none-eabi/lib/thumb/v7e-m+fp/hard\libc_nano.a(libc_a-memcmp.o)
                0x0800fb6c                memcmp
 .text.memset   0x0800fb8c       0x10 E:/STM32CubeIDE_2.0.0/STM32CubeIDE/plugins/com.st.stm32cube.ide.mcu.externaltools.gnu-tools-for-stm32.13.3.rel1.win32_1.0.100.202509120712/tools/bin/../lib/gcc/arm-none-eabi/13.3.1/../../../../arm-none-eabi/lib/thumb/v7e-m+fp/hard\libc_nano.a(libc_a-memset.o)
                0x0800fb8c                memset
 .text.strncpy  0x0800fb9c       0x26 E:/STM32CubeIDE_2.0.0/STM32CubeIDE/plugins/com.st.stm32cube.ide.mcu.externaltools.gnu-tools-for-stm32.13.3.rel1.win32_1.0.100.202509120712/tools/bin/../lib/gcc/arm-none-eabi/13.3.1/../../../../arm-none-eabi/lib/thumb/v7e-m+fp/hard\libc_nano.a(libc_a-strncpy.o)
                0x0800fb9c                strncpy
 .text.strrchr  0x0800fbc2       0x2c E:/STM32CubeIDE_2.0.0/STM32CubeIDE/plugins/com.st.stm32cube.ide.mcu.externaltools.gnu-tools-for-stm32.13.3.rel1.win32_1.0.100.202509120712/tools/bin/../lib/gcc/arm-none-eabi/13.3.1/../../../../arm-none-eabi/lib/thumb/v7e-m+fp/hard\libc_nano.a(libc_a-strrchr.o)
                0x0800fbc2                strrchr
 *fill*         0x0800fbee        0x2 
 .text._reclaim_reent
                0x0800fbf0       0xbc E:/STM32CubeIDE_2.0.0/STM32CubeIDE/plugins/com.st.stm32cube.ide.mcu.externaltools.gnu-tools-for-stm32.13.3.rel1.win32_1.0.100.202509120712/tools/bin/../lib/gcc/arm-none-eabi/13.3.1/../../../../arm-none-eabi/lib/thumb/v7e-m+fp/hard\libc_nano.a(libc_a-reent.o)
                0x0800fbf0                _reclaim_reent
 .text.__errno  0x0800fcac        0xc E:/STM32CubeIDE_2.0.0/STM32CubeIDE/plugins/com.st.stm32cube.ide.mcu.externaltools.gnu-tools-for-stm32.13.3.rel1.win32_1.0.100.202509120712/tools/bin/../lib/gcc/arm-none-eabi/13.3.1/../../../../arm-none-eabi/lib/thumb/v7e-m+fp/hard\libc_nano.a(libc_a-errno.o)
                0x0800fcac                __errno
 .text.__libc_init_array
                0x0800fcb8       0x48 E:/STM32CubeIDE_2.0.0/STM32CubeIDE/plugins/com.st.stm32cube.ide.mcu.externaltools.gnu-tools-for-stm32.13.3.rel1.win32_1.0.100.202509120712/tools/bin/../lib/gcc/arm-none-eabi/13.3.1/../../../../arm-none-eabi/lib/thumb/v7e-m+fp/hard\libc_nano.a(libc_a-init.o)
                0x0800fcb8                __libc_init_array
 .text.__retarget_lock_acquire_recursive
                0x0800fd00        0x2 E:/STM32CubeIDE_2.0.0/STM32CubeIDE/plugins/com.st.stm32cube.ide.mcu.externaltools.gnu-tools-for-stm32.13.3.rel1.win32_1.0.100.202509120712/tools/bin/../lib/gcc/arm-none-eabi/13.3.1/../../../../arm-none-eabi/lib/thumb/v7e-m+fp/hard\libc_nano.a(libc_a-lock.o)
                0x0800fd00                __retarget_lock_acquire_recursive
 .text.__retarget_lock_release_recursive
                0x0800fd02        0x2 E:/STM32CubeIDE_2.0.0/STM32CubeIDE/plugins/com.st.stm32cube.ide.mcu.externaltools.gnu-tools-for-stm32.13.3.rel1.win32_1.0.100.202509120712/tools/bin/../lib/gcc/arm-none-eabi/13.3.1/../../../../arm-none-eabi/lib/thumb/v7e-m+fp/hard\libc_nano.a(libc_a-lock.o)
                0x0800fd02                __retarget_lock_release_recursive
 .text.memcpy   0x0800fd04       0x1c E:/STM32CubeIDE_2.0.0/STM32CubeIDE/plugins/com.st.stm32cube.ide.mcu.externaltools.gnu-tools-for-stm32.13.3.rel1.win32_1.0.100.202509120712/tools/bin/../lib/gcc/arm-none-eabi/13.3.1/../../../../arm-none-eabi/lib/thumb/v7e-m+fp/hard\libc_nano.a(libc_a-memcpy-stub.o)
                0x0800fd04                memcpy
 .text._free_r  0x0800fd20       0x94 E:/STM32CubeIDE_2.0.0/STM32CubeIDE/plugins/com.st.stm32cube.ide.mcu.externaltools.gnu-tools-for-stm32.13.3.rel1.win32_1.0.100.202509120712/tools/bin/../lib/gcc/arm-none-eabi/13.3.1/../../../../arm-none-eabi/lib/thumb/v7e-m+fp/hard\libc_nano.a(libc_a-freer.o)
                0x0800fd20                _free_r
 .text.sbrk_aligned
                0x0800fdb4       0x44 E:/STM32CubeIDE_2.0.0/STM32CubeIDE/plugins/com.st.stm32cube.ide.mcu.externaltools.gnu-tools-for-stm32.13.3.rel1.win32_1.0.100.202509120712/tools/bin/../lib/gcc/arm-none-eabi/13.3.1/../../../../arm-none-eabi/lib/thumb/v7e-m+fp/hard\libc_nano.a(libc_a-mallocr.o)
 .text._malloc_r
                0x0800fdf8      0x100 E:/STM32CubeIDE_2.0.0/STM32CubeIDE/plugins/com.st.stm32cube.ide.mcu.externaltools.gnu-tools-for-stm32.13.3.rel1.win32_1.0.100.202509120712/tools/bin/../lib/gcc/arm-none-eabi/13.3.1/../../../../arm-none-eabi/lib/thumb/v7e-m+fp/hard\libc_nano.a(libc_a-mallocr.o)
                0x0800fdf8                _malloc_r
 .text.__malloc_lock
                0x0800fef8        0xc E:/STM32CubeIDE_2.0.0/STM32CubeIDE/plugins/com.st.stm32cube.ide.mcu.externaltools.gnu-tools-for-stm32.13.3.rel1.win32_1.0.100.202509120712/tools/bin/../lib/gcc/arm-none-eabi/13.3.1/../../../../arm-none-eabi/lib/thumb/v7e-m+fp/hard\libc_nano.a(libc_a-mlock.o)
                0x0800fef8                __malloc_lock
 .text.__malloc_unlock
                0x0800ff04        0xc E:/STM32CubeIDE_2.0.0/STM32CubeIDE/plugins/com.st.stm32cube.ide.mcu.externaltools.gnu-tools-for-stm32.13.3.rel1.win32_1.0.100.202509120712/tools/bin/../lib/gcc/arm-none-eabi/13.3.1/../../../../arm-none-eabi/lib/thumb/v7e-m+fp/hard\libc_nano.a(libc_a-mlock.o)
                0x0800ff04                __malloc_unlock
 .text.__ssputs_r
                0x0800ff10       0xb6 E:/STM32CubeIDE_2.0.0/STM32CubeIDE/plugins/com.st.stm32cube.ide.mcu.externaltools.gnu-tools-for-stm32.13.3.rel1.win32_1.0.100.202509120712/tools/bin/../lib/gcc/arm-none-eabi/13.3.1/../../../../arm-none-eabi/lib/thumb/v7e-m+fp/hard\libc_nano.a(libc_a-nano-svfprintf.o)
                0x0800ff10                __ssputs_r
 *fill*         0x0800ffc6        0x2 
 .text._svfprintf_r
                0x0800ffc8      0x1f8 E:/STM32CubeIDE_2.0.0/STM32CubeIDE/plugins/com.st.stm32cube.ide.mcu.externaltools.gnu-tools-for-stm32.13.3.rel1.win32_1.0.100.202509120712/tools/bin/../lib/gcc/arm-none-eabi/13.3.1/../../../../arm-none-eabi/lib/thumb/v7e-m+fp/hard\libc_nano.a(libc_a-nano-svfprintf.o)
                0x0800ffc8                _svfiprintf_r
                0x0800ffc8                _svfprintf_r
 .text._printf_common
                0x080101c0       0xda E:/STM32CubeIDE_2.0.0/STM32CubeIDE/plugins/com.st.stm32cube.ide.mcu.externaltools.gnu-tools-for-stm32.13.3.rel1.win32_1.0.100.202509120712/tools/bin/../lib/gcc/arm-none-eabi/13.3.1/../../../../arm-none-eabi/lib/thumb/v7e-m+fp/hard\libc_nano.a(libc_a-nano-vfprintf_i.o)
                0x080101c0                _printf_common
 *fill*         0x0801029a        0x2 
 .text._printf_i
                0x0801029c      0x23c E:/STM32CubeIDE_2.0.0/STM32CubeIDE/plugins/com.st.stm32cube.ide.mcu.externaltools.gnu-tools-for-stm32.13.3.rel1.win32_1.0.100.202509120712/tools/bin/../lib/gcc/arm-none-eabi/13.3.1/../../../../arm-none-eabi/lib/thumb/v7e-m+fp/hard\libc_nano.a(libc_a-nano-vfprintf_i.o)
                0x0801029c                _printf_i
 .text.memmove  0x080104d8       0x34 E:/STM32CubeIDE_2.0.0/STM32CubeIDE/plugins/com.st.stm32cube.ide.mcu.externaltools.gnu-tools-for-stm32.13.3.rel1.win32_1.0.100.202509120712/tools/bin/../lib/gcc/arm-none-eabi/13.3.1/../../../../arm-none-eabi/lib/thumb/v7e-m+fp/hard\libc_nano.a(libc_a-memmove.o)
                0x080104d8                memmove
 .text.strchr   0x0801050c       0x1a E:/STM32CubeIDE_2.0.0/STM32CubeIDE/plugins/com.st.stm32cube.ide.mcu.externaltools.gnu-tools-for-stm32.13.3.rel1.win32_1.0.100.202509120712/tools/bin/../lib/gcc/arm-none-eabi/13.3.1/../../../../arm-none-eabi/lib/thumb/v7e-m+fp/hard\libc_nano.a(libc_a-strchr.o)
                0x0801050c                strchr
 *fill*         0x08010526        0x2 
 .text._sbrk_r  0x08010528       0x20 E:/STM32CubeIDE_2.0.0/STM32CubeIDE/plugins/com.st.stm32cube.ide.mcu.externaltools.gnu-tools-for-stm32.13.3.rel1.win32_1.0.100.202509120712/tools/bin/../lib/gcc/arm-none-eabi/13.3.1/../../../../arm-none-eabi/lib/thumb/v7e-m+fp/hard\libc_nano.a(libc_a-sbrkr.o)
                0x08010528                _sbrk_r
 .text._realloc_r
                0x08010548       0x5c E:/STM32CubeIDE_2.0.0/STM32CubeIDE/plugins/com.st.stm32cube.ide.mcu.externaltools.gnu-tools-for-stm32.13.3.rel1.win32_1.0.100.202509120712/tools/bin/../lib/gcc/arm-none-eabi/13.3.1/../../../../arm-none-eabi/lib/thumb/v7e-m+fp/hard\libc_nano.a(libc_a-reallocr.o)
                0x08010548                _realloc_r
 .text._malloc_usable_size_r
                0x080105a4       0x10 E:/STM32CubeIDE_2.0.0/STM32CubeIDE/plugins/com.st.stm32cube.ide.mcu.externaltools.gnu-tools-for-stm32.13.3.rel1.win32_1.0.100.202509120712/tools/bin/../lib/gcc/arm-none-eabi/13.3.1/../../../../arm-none-eabi/lib/thumb/v7e-m+fp/hard\libc_nano.a(libc_a-msizer.o)
                0x080105a4                _malloc_usable_size_r
 *(.glue_7)
 .glue_7        0x080105b4        0x0 linker stubs
 *(.glue_7t)
 .glue_7t       0x080105b4        0x0 linker stubs
 *(.eh_frame)
 .eh_frame      0x080105b4        0x0 E:/STM32CubeIDE_2.0.0/STM32CubeIDE/plugins/com.st.stm32cube.ide.mcu.externaltools.gnu-tools-for-stm32.13.3.rel1.win32_1.0.100.202509120712/tools/bin/../lib/gcc/arm-none-eabi/13.3.1/thumb/v7e-m+fp/hard/crtbegin.o
 *(.init)
 .init          0x080105b4        0x4 E:/STM32CubeIDE_2.0.0/STM32CubeIDE/plugins/com.st.stm32cube.ide.mcu.externaltools.gnu-tools-for-stm32.13.3.rel1.win32_1.0.100.202509120712/tools/bin/../lib/gcc/arm-none-eabi/13.3.1/thumb/v7e-m+fp/hard/crti.o
                0x080105b4                _init
 .init          0x080105b8        0x8 E:/STM32CubeIDE_2.0.0/STM32CubeIDE/plugins/com.st.stm32cube.ide.mcu.externaltools.gnu-tools-for-stm32.13.3.rel1.win32_1.0.100.202509120712/tools/bin/../lib/gcc/arm-none-eabi/13.3.1/thumb/v7e-m+fp/hard/crtn.o
 *(.fini)
 .fini          0x080105c0        0x4 E:/STM32CubeIDE_2.0.0/STM32CubeIDE/plugins/com.st.stm32cube.ide.mcu.externaltools.gnu-tools-for-stm32.13.3.rel1.win32_1.0.100.202509120712/tools/bin/../lib/gcc/arm-none-eabi/13.3.1/thumb/v7e-m+fp/hard/crti.o
                0x080105c0                _fini
 .fini          0x080105c4        0x8 E:/STM32CubeIDE_2.0.0/STM32CubeIDE/plugins/com.st.stm32cube.ide.mcu.externaltools.gnu-tools-for-stm32.13.3.rel1.win32_1.0.100.202509120712/tools/bin/../lib/gcc/arm-none-eabi/13.3.1/thumb/v7e-m+fp/hard/crtn.o
                0x080105cc                        . = ALIGN (0x4)
                0x080105cc                        _etext = .

.vfp11_veneer   0x080105cc        0x0
 .vfp11_veneer  0x080105cc        0x0 linker stubs

.v4_bx          0x080105cc        0x0
 .v4_bx         0x080105cc        0x0 linker stubs

.iplt           0x080105cc        0x0
 .iplt          0x080105cc        0x0 E:/STM32CubeIDE_2.0.0/STM32CubeIDE/plugins/com.st.stm32cube.ide.mcu.externaltools.gnu-tools-for-stm32.13.3.rel1.win32_1.0.100.202509120712/tools/bin/../lib/gcc/arm-none-eabi/13.3.1/thumb/v7e-m+fp/hard/crtbegin.o

.rodata         0x080105cc      0x39c
                0x080105cc                        . = ALIGN (0x4)
 *(.rodata)
 .rodata        0x080105cc       0x15 ./Core/Src/audio_player.o
 *fill*         0x080105e1        0x3 
 .rodata        0x080105e4       0xb4 ./Core/Src/file_browser.o
 .rodata        0x08010698        0xc ./Core/Src/freertos.o
 .rodata        0x080106a4       0x44 ./Middlewares/Third_Party/FatFs/src/ff.o
 .rodata        0x080106e8        0x5 ./Middlewares/Third_Party/FreeRTOS/Source/tasks.o
 *fill*         0x080106ed        0x3 
 .rodata        0x080106f0        0xd ./Middlewares/Third_Party/FreeRTOS/Source/timers.o
 *(.rodata*)
 *fill*         0x080106fd        0x3 
 .rodata.defaultTask_attributes
                0x08010700       0x24 ./Core/Src/freertos.o
                0x08010700                defaultTask_attributes
 .rodata.font5x7
                0x08010724      0x1db ./Core/Src/lcd_st7735.o
 *fill*         0x080108ff        0x1 
 .rodata.AHBPrescTable
                0x08010900       0x10 ./Core/Src/system_stm32f4xx.o
                0x08010900                AHBPrescTable
 .rodata.APBPrescTable
                0x08010910        0x8 ./Core/Src/system_stm32f4xx.o
                0x08010910                APBPrescTable
 .rodata.flagBitshiftOffset.0
                0x08010918        0x8 ./Drivers/STM32F4xx_HAL_Driver/Src/stm32f4xx_hal_dma.o
 .rodata.SD_Driver
                0x08010920       0x14 ./FATFS/Target/sd_diskio.o
                0x08010920                SD_Driver
 .rodata._svfprintf_r.str1.1
                0x08010934       0x33 E:/STM32CubeIDE_2.0.0/STM32CubeIDE/plugins/com.st.stm32cube.ide.mcu.externaltools.gnu-tools-for-stm32.13.3.rel1.win32_1.0.100.202509120712/tools/bin/../lib/gcc/arm-none-eabi/13.3.1/../../../../arm-none-eabi/lib/thumb/v7e-m+fp/hard\libc_nano.a(libc_a-nano-svfprintf.o)
                                 0x11 (size before relaxing)
 .rodata._printf_i.str1.1
                0x08010967        0x0 E:/STM32CubeIDE_2.0.0/STM32CubeIDE/plugins/com.st.stm32cube.ide.mcu.externaltools.gnu-tools-for-stm32.13.3.rel1.win32_1.0.100.202509120712/tools/bin/../lib/gcc/arm-none-eabi/13.3.1/../../../../arm-none-eabi/lib/thumb/v7e-m+fp/hard\libc_nano.a(libc_a-nano-vfprintf_i.o)
                                 0x22 (size before relaxing)
                0x08010968                        . = ALIGN (0x4)
 *fill*         0x08010967        0x1 

.ARM.extab      0x08010968        0x0
                0x08010968                        . = ALIGN (0x4)
 *(.ARM.extab* .gnu.linkonce.armextab.*)
                0x08010968                        . = ALIGN (0x4)

.ARM            0x08010968        0x8
                0x08010968                        . = ALIGN (0x4)
                0x08010968                        __exidx_start = .
 *(.ARM.exidx*)
 .ARM.exidx     0x08010968        0x8 E:/STM32CubeIDE_2.0.0/STM32CubeIDE/plugins/com.st.stm32cube.ide.mcu.externaltools.gnu-tools-for-stm32.13.3.rel1.win32_1.0.100.202509120712/tools/bin/../lib/gcc/arm-none-eabi/13.3.1/../../../../arm-none-eabi/lib/thumb/v7e-m+fp/hard\libc_nano.a(libc_a-strcmp.o)
 .ARM.exidx     0x08010970        0x0 E:/STM32CubeIDE_2.0.0/STM32CubeIDE/plugins/com.st.stm32cube.ide.mcu.externaltools.gnu-tools-for-stm32.13.3.rel1.win32_1.0.100.202509120712/tools/bin/../lib/gcc/arm-none-eabi/13.3.1/../../../../arm-none-eabi/lib/thumb/v7e-m+fp/hard\libc_nano.a(libc_a-strlen.o)
                                  0x8 (size before relaxing)
 .ARM.exidx     0x08010970        0x0 E:/STM32CubeIDE_2.0.0/STM32CubeIDE/plugins/com.st.stm32cube.ide.mcu.externaltools.gnu-tools-for-stm32.13.3.rel1.win32_1.0.100.202509120712/tools/bin/../lib/gcc/arm-none-eabi/13.3.1/../../../../arm-none-eabi/lib/thumb/v7e-m+fp/hard\libc_nano.a(libc_a-memchr.o)
                                  0x8 (size before relaxing)
 .ARM.exidx     0x08010970        0x0 E:/STM32CubeIDE_2.0.0/STM32CubeIDE/plugins/com.st.stm32cube.ide.mcu.externaltools.gnu-tools-for-stm32.13.3.rel1.win32_1.0.100.202509120712/tools/bin/../lib/gcc/arm-none-eabi/13.3.1/thumb/v7e-m+fp/hard\libgcc.a(_udivmoddi4.o)
                                  0x8 (size before relaxing)
                0x08010970                        __exidx_end = .
                0x08010970                        . = ALIGN (0x4)

.preinit_array  0x08010970        0x0
                0x08010970                        . = ALIGN (0x4)
                0x08010970                        PROVIDE (__preinit_array_start = .)
 *(.preinit_array*)
                0x08010970                        PROVIDE (__preinit_array_end = .)
                0x08010970                        . = ALIGN (0x4)

.init_array     0x08010970        0x4
                0x08010970                        . = ALIGN (0x4)
                0x08010970                        PROVIDE (__init_array_start = .)
 *(SORT_BY_NAME(.init_array.*))
 *(.init_array*)
 .init_array    0x08010970        0x4 E:/STM32CubeIDE_2.0.0/STM32CubeIDE/plugins/com.st.stm32cube.ide.mcu.externaltools.gnu-tools-for-stm32.13.3.rel1.win32_1.0.100.202509120712/tools/bin/../lib/gcc/arm-none-eabi/13.3.1/thumb/v7e-m+fp/hard/crtbegin.o
                0x08010974                        PROVIDE (__init_array_end = .)
                0x08010974                        . = ALIGN (0x4)

.fini_array     0x08010974        0x4
                0x08010974                        . = ALIGN (0x4)
                [!provide]                        PROVIDE (__fini_array_start = .)
 *(SORT_BY_NAME(.fini_array.*))
 *(.fini_array*)
 .fini_array    0x08010974        0x4 E:/STM32CubeIDE_2.0.0/STM32CubeIDE/plugins/com.st.stm32cube.ide.mcu.externaltools.gnu-tools-for-stm32.13.3.rel1.win32_1.0.100.202509120712/tools/bin/../lib/gcc/arm-none-eabi/13.3.1/thumb/v7e-m+fp/hard/crtbegin.o
                [!provide]                        PROVIDE (__fini_array_end = .)
                0x08010978                        . = ALIGN (0x4)
                0x08010978                        _sidata = LOADADDR (.data)

.rel.dyn        0x08010978        0x0
 .rel.iplt      0x08010978        0x0 E:/STM32CubeIDE_2.0.0/STM32CubeIDE/plugins/com.st.stm32cube.ide.mcu.externaltools.gnu-tools-for-stm32.13.3.rel1.win32_1.0.100.202509120712/tools/bin/../lib/gcc/arm-none-eabi/13.3.1/thumb/v7e-m+fp/hard/crtbegin.o

.data           0x20000000       0x60 load address 0x08010978
                0x20000000                        . = ALIGN (0x4)
                0x20000000                        _sdata = .
 *(.data)
 *(.data*)
 .data.SystemCoreClock
                0x20000000        0x4 ./Core/Src/system_stm32f4xx.o
                0x20000000                SystemCoreClock
 .data.uwTickPrio
                0x20000004        0x4 ./Drivers/STM32F4xx_HAL_Driver/Src/stm32f4xx_hal.o
                0x20000004                uwTickPrio
 .data.uwTickFreq
                0x20000008        0x1 ./Drivers/STM32F4xx_HAL_Driver/Src/stm32f4xx_hal.o
                0x20000008                uwTickFreq
 .data.Stat     0x20000009        0x1 ./FATFS/Target/sd_diskio.o
 *fill*         0x2000000a        0x2 
 .data.uxCriticalNesting
                0x2000000c        0x4 ./Middlewares/Third_Party/FreeRTOS/Source/portable/GCC/ARM_CM4F/port.o
 .data._impure_ptr
                0x20000010        0x4 E:/STM32CubeIDE_2.0.0/STM32CubeIDE/plugins/com.st.stm32cube.ide.mcu.externaltools.gnu-tools-for-stm32.13.3.rel1.win32_1.0.100.202509120712/tools/bin/../lib/gcc/arm-none-eabi/13.3.1/../../../../arm-none-eabi/lib/thumb/v7e-m+fp/hard\libc_nano.a(libc_a-impure.o)
                0x20000010                _impure_ptr
 .data._impure_data
                0x20000014       0x4c E:/STM32CubeIDE_2.0.0/STM32CubeIDE/plugins/com.st.stm32cube.ide.mcu.externaltools.gnu-tools-for-stm32.13.3.rel1.win32_1.0.100.202509120712/tools/bin/../lib/gcc/arm-none-eabi/13.3.1/../../../../arm-none-eabi/lib/thumb/v7e-m+fp/hard\libc_nano.a(libc_a-impure.o)
                0x20000014                _impure_data
 *(.RamFunc)
 *(.RamFunc*)
                0x20000060                        . = ALIGN (0x4)
                0x20000060                        _edata = .
                0x080109d8                        _siccmram = LOADADDR (.ccmram)

.igot.plt       0x20000060        0x0 load address 0x080109d8
 .igot.plt      0x20000060        0x0 E:/STM32CubeIDE_2.0.0/STM32CubeIDE/plugins/com.st.stm32cube.ide.mcu.externaltools.gnu-tools-for-stm32.13.3.rel1.win32_1.0.100.202509120712/tools/bin/../lib/gcc/arm-none-eabi/13.3.1/thumb/v7e-m+fp/hard/crtbegin.o

.ccmram         0x10000000        0x0 load address 0x080109d8
                0x10000000                        . = ALIGN (0x4)
                0x10000000                        _sccmram = .
 *(.ccmram)
 *(.ccmram*)
                0x10000000                        . = ALIGN (0x4)
                0x10000000                        _eccmram = .
                0x10000000                        . = ALIGN (0x4)

.bss            0x20000060    0x154f0
                0x20000060                        _sbss = .
                0x20000060                        __bss_start__ = _sbss
 *(.bss)
 .bss           0x20000060       0x1c E:/STM32CubeIDE_2.0.0/STM32CubeIDE/plugins/com.st.stm32cube.ide.mcu.externaltools.gnu-tools-for-stm32.13.3.rel1.win32_1.0.100.202509120712/tools/bin/../lib/gcc/arm-none-eabi/13.3.1/thumb/v7e-m+fp/hard/crtbegin.o
 *(.bss*)
 .bss.dma_done  0x2000007c        0x1 ./Core/Src/audio_player.o
 *fill*         0x2000007d        0x3 
 .bss.abuf0     0x20000080     0x8000 ./Core/Src/audio_player.o
 .bss.abuf1     0x20008080     0x8000 ./Core/Src/audio_player.o
 .bss.file_list
                0x20010080      0x3c0 ./Core/Src/file_browser.o
 .bss.file_cnt  0x20010440        0x1 ./Core/Src/file_browser.o
 *fill*         0x20010441        0x3 
 .bss.defaultTaskHandle
                0x20010444        0x4 ./Core/Src/freertos.o
                0x20010444                defaultTaskHandle
 .bss.hi2s3     0x20010448       0x48 ./Core/Src/i2s.o
                0x20010448                hi2s3
 .bss.hdma_spi3_tx
                0x20010490       0x60 ./Core/Src/i2s.o
                0x20010490                hdma_spi3_tx
 .bss.hsd       0x200104f0       0x84 ./Core/Src/sdio.o
                0x200104f0                hsd
 .bss.hdma_sdio_rx
                0x20010574       0x60 ./Core/Src/sdio.o
                0x20010574                hdma_sdio_rx
 .bss.hdma_sdio_tx
                0x200105d4       0x60 ./Core/Src/sdio.o
                0x200105d4                hdma_sdio_tx
 .bss.hspi2     0x20010634       0x58 ./Core/Src/spi.o
                0x20010634                hspi2
 .bss.hdma_spi2_rx
                0x2001068c       0x60 ./Core/Src/spi.o
                0x2001068c                hdma_spi2_rx
 .bss.hdma_spi2_tx
                0x200106ec       0x60 ./Core/Src/spi.o
                0x200106ec                hdma_spi2_tx
 .bss.htim1     0x2001074c       0x48 ./Core/Src/stm32f4xx_hal_timebase_tim.o
                0x2001074c                htim1
 .bss.__sbrk_heap_end
                0x20010794        0x4 ./Core/Src/sysmem.o
 .bss.uwTick    0x20010798        0x4 ./Drivers/STM32F4xx_HAL_Driver/Src/stm32f4xx_hal.o
                0x20010798                uwTick
 .bss.retSD     0x2001079c        0x1 ./FATFS/App/fatfs.o
                0x2001079c                retSD
 *fill*         0x2001079d        0x3 
 .bss.SDPath    0x200107a0        0x4 ./FATFS/App/fatfs.o
                0x200107a0                SDPath
 .bss.SDFatFS   0x200107a4      0x234 ./FATFS/App/fatfs.o
                0x200107a4                SDFatFS
 .bss.SDQueueID
                0x200109d8        0x4 ./FATFS/Target/sd_diskio.o
 .bss.FatFs     0x200109dc        0x4 ./Middlewares/Third_Party/FatFs/src/ff.o
 .bss.Fsid      0x200109e0        0x2 ./Middlewares/Third_Party/FatFs/src/ff.o
 *fill*         0x200109e2        0x2 
 .bss.Files     0x200109e4       0x30 ./Middlewares/Third_Party/FatFs/src/ff.o
 .bss.disk      0x20010a14        0xc ./Middlewares/Third_Party/FatFs/src/ff_gen_drv.o
                0x20010a14                disk
 .bss.KernelState
                0x20010a20        0x4 ./Middlewares/Third_Party/FreeRTOS/Source/CMSIS_RTOS_V2/cmsis_os2.o
 .bss.Idle_TCB.3
                0x20010a24       0xa8 ./Middlewares/Third_Party/FreeRTOS/Source/CMSIS_RTOS_V2/cmsis_os2.o
 .bss.Idle_Stack.2
                0x20010acc      0x200 ./Middlewares/Third_Party/FreeRTOS/Source/CMSIS_RTOS_V2/cmsis_os2.o
 .bss.Timer_TCB.1
                0x20010ccc       0xa8 ./Middlewares/Third_Party/FreeRTOS/Source/CMSIS_RTOS_V2/cmsis_os2.o
 .bss.Timer_Stack.0
                0x20010d74      0x400 ./Middlewares/Third_Party/FreeRTOS/Source/CMSIS_RTOS_V2/cmsis_os2.o
 .bss.xQueueRegistry
                0x20011174       0x40 ./Middlewares/Third_Party/FreeRTOS/Source/queue.o
                0x20011174                xQueueRegistry
 .bss.pxCurrentTCB
                0x200111b4        0x4 ./Middlewares/Third_Party/FreeRTOS/Source/tasks.o
                0x200111b4                pxCurrentTCB
 .bss.pxReadyTasksLists
                0x200111b8      0x460 ./Middlewares/Third_Party/FreeRTOS/Source/tasks.o
 .bss.xDelayedTaskList1